******************************************************************************
              TMS320C55x Linker PC v4.4.1                      
******************************************************************************
>> Linked Mon May 18 04:02:10 2020

OUTPUT FILE NAME:   <FIR.out>
ENTRY POINT SYMBOL: "_c_int00"  address: 000204e1


MEMORY CONFIGURATION

         name            origin    length      used     unused   attr    fill
                        (bytes)   (bytes)    (bytes)   (bytes)
----------------------  --------  ---------  --------  --------  ----  --------
PAGE 0:
  MMR                   00000000   000000c0  00000000  000000c0  RWIX
  DARAM0                000000c0   0000ff40  00007f14  0000802c  RWIX
  SARAM0                00010000   00010000  00000000  00010000  RWIX
  SARAM1                00020000   00020000  0000054c  0001fab4  RWIX
  SARAM2                00040000   0000fe00  00000032  0000fdce  RWIX
  VECS                  0004fe00   00000200  00000100  00000100  RWIX
  PDROM                 00ff8000   00008000  00000000  00008000  R IX

PAGE 2:
  IOPORT                00000000   00020000  00000000  00020000  RWI 


SECTION ALLOCATION MAP
(Addresses surrounded by []'s are displayed for convenience only!)

output                                                          attributes/
section   page  orgn(bytes) orgn(words) len(bytes) len(words)   input sections
--------  ----  ----------- ----------- ---------- ----------   --------------
.pinit       0   [ 00040000 ]  00020000          *   00000000   UNINITIALIZED

.stack       0   [ 000000c0 ]  00000060          *   00001000   UNINITIALIZED
                 [ 000000c0 ]  00000060          *   00001000   --HOLE--

.data        0   [ 000000c0 ]  00000060          *   00000000   UNINITIALIZED

.sysstack 
*            0   [ 000020c0 ]  00001060          *   00000800   UNINITIALIZED
                 [ 000020c0 ]  00001060          *   00000800   --HOLE--

.bss         0   [ 000030c0 ]  00001860          *   00002753   UNINITIALIZED
                 [ 000030c0 ]  00001860          *   0000274a   main.obj (.bss)
                 [ 00007f54 ]  00003faa          *   00000004   rts55x.lib : _lock.obj (.bss)
                 [ 00007f5c ]  00003fae          *   00000004              : exit.obj (.bss)
                 [ 00007f64 ]  00003fb2          *   00000001   55xdspx_r3.lib : rand16i.obj (.bss)

.const       0   [ 00007f66 ]  00003fb3          *   00000037   
                 [ 00007f66 ]  00003fb3          *   00000037   main.obj (.const:_coefficients)

.text        0     00020000  [ 00010000 ] 0000054c          *   
                   00020000  [ 00010000 ] 0000037f          *   main.obj (.text)
                   0002037f  [ 000101bf+] 00000056          *   55xdspx_r3.lib : fir.obj (.text)
                   000203d5  [ 000101ea+] 0000004d          *   rts55x.lib : autoinit.obj (.text)
                   00020422  [ 00010211 ] 0000004b          *              : args_main.obj (.text)
                   0002046d  [ 00010236+] 0000003e          *              : exit.obj (.text)
                   000204ab  [ 00010255+] 00000036          *   55xdspx_r3.lib : rand16.obj (.text)
                   000204e1  [ 00010270+] 00000034          *   rts55x.lib : boot.obj (.text)
                   00020515  [ 0001028a+] 00000013          *              : lmpy.obj (.text)
                   00020528  [ 00010294 ] 00000012          *              : _lock.obj (.text)
                   0002053a  [ 0001029d ] 00000008          *   55xdspx_r3.lib : rand16i.obj (.text)
                   00020542  [ 000102a1 ] 00000007          *   rts55x.lib : exit.obj (.text:CIO_breakpoint)
                   00020549  [ 000102a4+] 00000002          *              : vectors.obj (.text)
                   0002054b  [ 000102a5 ] 00000001          *   --HOLE-- [fill = 20]

.cinit       0   [ 00040000 ]  00020000          *   00000019   
                 [ 00040000 ]  00020000          *   0000000a   rts55x.lib : _lock.obj (.cinit)
                 [ 00040014 ]  0002000a          *   0000000a              : exit.obj (.cinit)
                 [ 00040028 ]  00020014          *   00000004   main.obj (.cinit)
                 [ 00040030 ]  00020018          *   00000001   --HOLE-- [fill = 0]

vectors      0     0004fe00  [ 00027f00 ] 00000100          *   
                   0004fe00  [ 00027f00 ] 00000100          *   rts55x.lib : vectors.obj (vectors)


GLOBAL SYMBOLS: SORTED ALPHABETICALLY BY Name 

abs. value/
byte addr   word addr   name
---------   ---------   ----
00000002                $TI_capability$C5500$CallingConvention
00000002                $TI_capability$C5500$MemoryModel
00000001                $TI_capability_requires_rev3
ffffffff                .bss
ffffffff                .data
ffffffff                .text
00020543                C$$EXIT
00020515                I$$LMPY
0004fe00                _Reset
            00001060    __STACK_END
00002000                __STACK_SIZE
00001000                __SYSSTACK_SIZE
00000001                __TI_args_main
ffffffff                ___binit__
ffffffff                ___bss__
ffffffff                ___c_args__
            00020000    ___cinit__
ffffffff                ___data__
ffffffff                ___edata__
ffffffff                ___end__
ffffffff                ___etext__
ffffffff                ___pinit__
ffffffff                ___text__
00020422                __args_main
            00003fae    __cleanup_ptr
            00003fb0    __dtors_ptr
            00003faa    __lock
00020515                __mpyli
00020538                __nop
00020530                __register_lock
00020528                __register_unlock
            00000060    __stack
            00001060    __sysstack
            00003fac    __unlock
00020542                _abort
000203d5                _auto_init
00020000                _blockfir
000204e1                _c_int00
            00003fb3    _coefficients
            00003f70    _dbuffer
0002046d                _exit
0002037f                _fir
000202c2                _main
000204ab                _rand16
0002053a                _rand16init
0002010f                _rect
            00001860    _samples
            00002be8    _samples2
000200ce                _saw
000201a3                _sint
0002007c                _sumOfVector
000200b6                _testfun
00020158                _tri
00020294                _zeros
ffffffff                binit
            00020000    cinit
ffffffff                edata
ffffffff                end
ffffffff                etext
ffffffff                pinit
            00003fb2    rndseed


GLOBAL SYMBOLS: SORTED BY Symbol Address 

abs. value/
byte addr   word addr   name
---------   ---------   ----
00000001                $TI_capability_requires_rev3
00000001                __TI_args_main
00000002                $TI_capability$C5500$CallingConvention
00000002                $TI_capability$C5500$MemoryModel
            00000060    __stack
00001000                __SYSSTACK_SIZE
00002000                __STACK_SIZE
            00001060    __STACK_END
            00001060    __sysstack
            00001860    _samples
            00002be8    _samples2
            00003f70    _dbuffer
            00003faa    __lock
            00003fac    __unlock
            00003fae    __cleanup_ptr
            00003fb0    __dtors_ptr
            00003fb2    rndseed
            00003fb3    _coefficients
00020000                _blockfir
0002007c                _sumOfVector
000200b6                _testfun
000200ce                _saw
0002010f                _rect
00020158                _tri
000201a3                _sint
00020294                _zeros
000202c2                _main
0002037f                _fir
000203d5                _auto_init
00020422                __args_main
0002046d                _exit
000204ab                _rand16
000204e1                _c_int00
00020515                I$$LMPY
00020515                __mpyli
00020528                __register_unlock
00020530                __register_lock
00020538                __nop
0002053a                _rand16init
00020542                _abort
00020543                C$$EXIT
            00020000    ___cinit__
            00020000    cinit
0004fe00                _Reset
ffffffff                .bss
ffffffff                .data
ffffffff                .text
ffffffff                ___binit__
ffffffff                ___bss__
ffffffff                ___c_args__
ffffffff                ___data__
ffffffff                ___edata__
ffffffff                ___end__
ffffffff                ___etext__
ffffffff                ___pinit__
ffffffff                ___text__
ffffffff                binit
ffffffff                edata
ffffffff                end
ffffffff                etext
ffffffff                pinit

[61 symbols]
