******************************************************************************
              TMS320C55x Linker PC v4.4.1                      
******************************************************************************
>> Linked Sat May 02 18:43:00 2020

OUTPUT FILE NAME:   <Generatory.out>
ENTRY POINT SYMBOL: "_c_int00"  address: 00020300


MEMORY CONFIGURATION

         name            origin    length      used     unused   attr    fill
                        (bytes)   (bytes)    (bytes)   (bytes)
----------------------  --------  ---------  --------  --------  ----  --------
PAGE 0:
  MMR                   00000000   000000c0  00000000  000000c0  RWIX
  DARAM0                000000c0   0000ff40  00005724  0000a81c  RWIX
  SARAM0                00010000   00010000  00000000  00010000  RWIX
  SARAM1                00020000   00020000  0000036b  0001fc95  RWIX
  SARAM2                00040000   0000fe00  00000032  0000fdce  RWIX
  VECS                  0004fe00   00000200  00000100  00000100  RWIX
  PDROM                 00ff8000   00008000  00000000  00008000  R IX

PAGE 2:
  IOPORT                00000000   00020000  00000000  00020000  RWI 


SECTION ALLOCATION MAP
(Addresses surrounded by []'s are displayed for convenience only!)

output                                                          attributes/
section   page  orgn(bytes) orgn(words) len(bytes) len(words)   input sections
--------  ----  ----------- ----------- ---------- ----------   --------------
.pinit       0   [ 00040000 ]  00020000          *   00000000   UNINITIALIZED

.stack       0   [ 000000c0 ]  00000060          *   00001000   UNINITIALIZED
                 [ 000000c0 ]  00000060          *   00001000   --HOLE--

.data        0   [ 000000c0 ]  00000060          *   00000000   UNINITIALIZED

.sysstack 
*            0   [ 000020c0 ]  00001060          *   00000800   UNINITIALIZED
                 [ 000020c0 ]  00001060          *   00000800   --HOLE--

.bss         0   [ 000030c0 ]  00001860          *   00001392   UNINITIALIZED
                 [ 000030c0 ]  00001860          *   00001389   main.obj (.bss)
                 [ 000057d2 ]  00002be9          *   00000001   55xdspx_r3.lib : rand16i.obj (.bss)
                 [ 000057d4 ]  00002bea          *   00000004   rts55x.lib : _lock.obj (.bss)
                 [ 000057dc ]  00002bee          *   00000004              : exit.obj (.bss)

.text        0     00020000  [ 00010000 ] 0000036b          *   
                   00020000  [ 00010000 ] 000001f4          *   main.obj (.text)
                   000201f4  [ 000100fa ] 0000004d          *   rts55x.lib : autoinit.obj (.text)
                   00020241  [ 00010120+] 0000004b          *              : args_main.obj (.text)
                   0002028c  [ 00010146 ] 0000003e          *              : exit.obj (.text)
                   000202ca  [ 00010165 ] 00000036          *   55xdspx_r3.lib : rand16.obj (.text)
                   00020300  [ 00010180 ] 00000034          *   rts55x.lib : boot.obj (.text)
                   00020334  [ 0001019a ] 00000013          *              : lmpy.obj (.text)
                   00020347  [ 000101a3+] 00000012          *              : _lock.obj (.text)
                   00020359  [ 000101ac+] 00000008          *   55xdspx_r3.lib : rand16i.obj (.text)
                   00020361  [ 000101b0+] 00000007          *   rts55x.lib : exit.obj (.text:CIO_breakpoint)
                   00020368  [ 000101b4 ] 00000002          *              : vectors.obj (.text)
                   0002036a  [ 000101b5 ] 00000001          *   --HOLE-- [fill = 20]

.cinit       0   [ 00040000 ]  00020000          *   00000019   
                 [ 00040000 ]  00020000          *   0000000a   rts55x.lib : _lock.obj (.cinit)
                 [ 00040014 ]  0002000a          *   0000000a              : exit.obj (.cinit)
                 [ 00040028 ]  00020014          *   00000004   main.obj (.cinit)
                 [ 00040030 ]  00020018          *   00000001   --HOLE-- [fill = 0]

vectors      0     0004fe00  [ 00027f00 ] 00000100          *   
                   0004fe00  [ 00027f00 ] 00000100          *   rts55x.lib : vectors.obj (vectors)


GLOBAL SYMBOLS: SORTED ALPHABETICALLY BY Name 

abs. value/
byte addr   word addr   name
---------   ---------   ----
00000002                $TI_capability$C5500$CallingConvention
00000002                $TI_capability$C5500$MemoryModel
00000001                $TI_capability_requires_rev3
ffffffff                .bss
ffffffff                .data
ffffffff                .text
00020362                C$$EXIT
00020334                I$$LMPY
0004fe00                _Reset
            00001060    __STACK_END
00002000                __STACK_SIZE
00001000                __SYSSTACK_SIZE
00000001                __TI_args_main
ffffffff                ___binit__
ffffffff                ___bss__
ffffffff                ___c_args__
            00020000    ___cinit__
ffffffff                ___data__
ffffffff                ___edata__
ffffffff                ___end__
ffffffff                ___etext__
ffffffff                ___pinit__
ffffffff                ___text__
00020241                __args_main
            00002bee    __cleanup_ptr
            00002bf0    __dtors_ptr
            00002bea    __lock
00020334                __mpyli
00020357                __nop
0002034f                __register_lock
00020347                __register_unlock
            00000060    __stack
            00001060    __sysstack
            00002bec    __unlock
00020361                _abort
000201f4                _auto_init
00020300                _c_int00
0002028c                _exit
000201de                _main
000202ca                _rand16
00020359                _rand16init
00020059                _rect
            00001860    _samples
00020018                _saw
000200ed                _sint
00020000                _testfun
000200a2                _tri
ffffffff                binit
            00020000    cinit
ffffffff                edata
ffffffff                end
ffffffff                etext
ffffffff                pinit
            00002be9    rndseed


GLOBAL SYMBOLS: SORTED BY Symbol Address 

abs. value/
byte addr   word addr   name
---------   ---------   ----
00000001                $TI_capability_requires_rev3
00000001                __TI_args_main
00000002                $TI_capability$C5500$CallingConvention
00000002                $TI_capability$C5500$MemoryModel
            00000060    __stack
00001000                __SYSSTACK_SIZE
00002000                __STACK_SIZE
            00001060    __STACK_END
            00001060    __sysstack
            00001860    _samples
            00002be9    rndseed
            00002bea    __lock
            00002bec    __unlock
            00002bee    __cleanup_ptr
            00002bf0    __dtors_ptr
00020000                _testfun
00020018                _saw
00020059                _rect
000200a2                _tri
000200ed                _sint
000201de                _main
000201f4                _auto_init
00020241                __args_main
0002028c                _exit
000202ca                _rand16
00020300                _c_int00
00020334                I$$LMPY
00020334                __mpyli
00020347                __register_unlock
0002034f                __register_lock
00020357                __nop
00020359                _rand16init
00020361                _abort
00020362                C$$EXIT
            00020000    ___cinit__
            00020000    cinit
0004fe00                _Reset
ffffffff                .bss
ffffffff                .data
ffffffff                .text
ffffffff                ___binit__
ffffffff                ___bss__
ffffffff                ___c_args__
ffffffff                ___data__
ffffffff                ___edata__
ffffffff                ___end__
ffffffff                ___etext__
ffffffff                ___pinit__
ffffffff                ___text__
ffffffff                binit
ffffffff                edata
ffffffff                end
ffffffff                etext
ffffffff                pinit

[54 symbols]
