<?xml version="1.0"?>
<link_info>
   <banner>TMS320C55x Linker PC v4.4.1</banner>
   <copyright>Copyright (c) 1996-2012 Texas Instruments Incorporated</copyright>
   <link_time>0x5ed4d5ae</link_time>
   <output_file>Widmo.out</output_file>
   <entry_point>
      <name>_c_int00</name>
      <address>0x247b7</address>
   </entry_point>
   <input_file_list>
      <input_file id="fl-2">
         <path>.\</path>
         <kind>object</kind>
         <file>main.obj</file>
         <name>main.obj</name>
      </input_file>
      <input_file id="fl-7">
         <path>..\</path>
         <kind>archive</kind>
         <file>55xdspx_r3.lib</file>
         <name>abias.obj</name>
      </input_file>
      <input_file id="fl-8">
         <path>..\</path>
         <kind>archive</kind>
         <file>55xdspx_r3.lib</file>
         <name>rand16.obj</name>
      </input_file>
      <input_file id="fl-9">
         <path>..\</path>
         <kind>archive</kind>
         <file>55xdspx_r3.lib</file>
         <name>rand16i.obj</name>
      </input_file>
      <input_file id="fl-a">
         <path>..\</path>
         <kind>archive</kind>
         <file>55xdspx_r3.lib</file>
         <name>sqrtv.obj</name>
      </input_file>
      <input_file id="fl-1e">
         <path>C:\ti\ccsv5\tools\compiler\c5500_4.4.1\lib\</path>
         <kind>archive</kind>
         <file>rts55x.lib</file>
         <name>boot.obj</name>
      </input_file>
      <input_file id="fl-1f">
         <path>C:\ti\ccsv5\tools\compiler\c5500_4.4.1\lib\</path>
         <kind>archive</kind>
         <file>rts55x.lib</file>
         <name>exit.obj</name>
      </input_file>
      <input_file id="fl-20">
         <path>C:\ti\ccsv5\tools\compiler\c5500_4.4.1\lib\</path>
         <kind>archive</kind>
         <file>rts55x.lib</file>
         <name>lmpy.obj</name>
      </input_file>
      <input_file id="fl-21">
         <path>C:\ti\ccsv5\tools\compiler\c5500_4.4.1\lib\</path>
         <kind>archive</kind>
         <file>rts55x.lib</file>
         <name>printf.obj</name>
      </input_file>
      <input_file id="fl-22">
         <path>C:\ti\ccsv5\tools\compiler\c5500_4.4.1\lib\</path>
         <kind>archive</kind>
         <file>rts55x.lib</file>
         <name>vectors.obj</name>
      </input_file>
      <input_file id="fl-23">
         <path>C:\ti\ccsv5\tools\compiler\c5500_4.4.1\lib\</path>
         <kind>archive</kind>
         <file>rts55x.lib</file>
         <name>_lock.obj</name>
      </input_file>
      <input_file id="fl-24">
         <path>C:\ti\ccsv5\tools\compiler\c5500_4.4.1\lib\</path>
         <kind>archive</kind>
         <file>rts55x.lib</file>
         <name>_printfi.obj</name>
      </input_file>
      <input_file id="fl-25">
         <path>C:\ti\ccsv5\tools\compiler\c5500_4.4.1\lib\</path>
         <kind>archive</kind>
         <file>rts55x.lib</file>
         <name>args_main.obj</name>
      </input_file>
      <input_file id="fl-26">
         <path>C:\ti\ccsv5\tools\compiler\c5500_4.4.1\lib\</path>
         <kind>archive</kind>
         <file>rts55x.lib</file>
         <name>atoi.obj</name>
      </input_file>
      <input_file id="fl-27">
         <path>C:\ti\ccsv5\tools\compiler\c5500_4.4.1\lib\</path>
         <kind>archive</kind>
         <file>rts55x.lib</file>
         <name>autoinit.obj</name>
      </input_file>
      <input_file id="fl-28">
         <path>C:\ti\ccsv5\tools\compiler\c5500_4.4.1\lib\</path>
         <kind>archive</kind>
         <file>rts55x.lib</file>
         <name>cmpd.obj</name>
      </input_file>
      <input_file id="fl-29">
         <path>C:\ti\ccsv5\tools\compiler\c5500_4.4.1\lib\</path>
         <kind>archive</kind>
         <file>rts55x.lib</file>
         <name>ctype.obj</name>
      </input_file>
      <input_file id="fl-2a">
         <path>C:\ti\ccsv5\tools\compiler\c5500_4.4.1\lib\</path>
         <kind>archive</kind>
         <file>rts55x.lib</file>
         <name>defs.obj</name>
      </input_file>
      <input_file id="fl-2b">
         <path>C:\ti\ccsv5\tools\compiler\c5500_4.4.1\lib\</path>
         <kind>archive</kind>
         <file>rts55x.lib</file>
         <name>divd.obj</name>
      </input_file>
      <input_file id="fl-2c">
         <path>C:\ti\ccsv5\tools\compiler\c5500_4.4.1\lib\</path>
         <kind>archive</kind>
         <file>rts55x.lib</file>
         <name>divul.obj</name>
      </input_file>
      <input_file id="fl-2d">
         <path>C:\ti\ccsv5\tools\compiler\c5500_4.4.1\lib\</path>
         <kind>archive</kind>
         <file>rts55x.lib</file>
         <name>fixdi.obj</name>
      </input_file>
      <input_file id="fl-2e">
         <path>C:\ti\ccsv5\tools\compiler\c5500_4.4.1\lib\</path>
         <kind>archive</kind>
         <file>rts55x.lib</file>
         <name>fixdli.obj</name>
      </input_file>
      <input_file id="fl-2f">
         <path>C:\ti\ccsv5\tools\compiler\c5500_4.4.1\lib\</path>
         <kind>archive</kind>
         <file>rts55x.lib</file>
         <name>fltlid.obj</name>
      </input_file>
      <input_file id="fl-30">
         <path>C:\ti\ccsv5\tools\compiler\c5500_4.4.1\lib\</path>
         <kind>archive</kind>
         <file>rts55x.lib</file>
         <name>fputc.obj</name>
      </input_file>
      <input_file id="fl-31">
         <path>C:\ti\ccsv5\tools\compiler\c5500_4.4.1\lib\</path>
         <kind>archive</kind>
         <file>rts55x.lib</file>
         <name>fputs.obj</name>
      </input_file>
      <input_file id="fl-32">
         <path>C:\ti\ccsv5\tools\compiler\c5500_4.4.1\lib\</path>
         <kind>archive</kind>
         <file>rts55x.lib</file>
         <name>frcmpyd_div.obj</name>
      </input_file>
      <input_file id="fl-33">
         <path>C:\ti\ccsv5\tools\compiler\c5500_4.4.1\lib\</path>
         <kind>archive</kind>
         <file>rts55x.lib</file>
         <name>isinf.obj</name>
      </input_file>
      <input_file id="fl-34">
         <path>C:\ti\ccsv5\tools\compiler\c5500_4.4.1\lib\</path>
         <kind>archive</kind>
         <file>rts55x.lib</file>
         <name>llmpy.obj</name>
      </input_file>
      <input_file id="fl-35">
         <path>C:\ti\ccsv5\tools\compiler\c5500_4.4.1\lib\</path>
         <kind>archive</kind>
         <file>rts55x.lib</file>
         <name>lowlev.obj</name>
      </input_file>
      <input_file id="fl-36">
         <path>C:\ti\ccsv5\tools\compiler\c5500_4.4.1\lib\</path>
         <kind>archive</kind>
         <file>rts55x.lib</file>
         <name>ltoa.obj</name>
      </input_file>
      <input_file id="fl-37">
         <path>C:\ti\ccsv5\tools\compiler\c5500_4.4.1\lib\</path>
         <kind>archive</kind>
         <file>rts55x.lib</file>
         <name>memccpy.obj</name>
      </input_file>
      <input_file id="fl-38">
         <path>C:\ti\ccsv5\tools\compiler\c5500_4.4.1\lib\</path>
         <kind>archive</kind>
         <file>rts55x.lib</file>
         <name>memcpy.obj</name>
      </input_file>
      <input_file id="fl-39">
         <path>C:\ti\ccsv5\tools\compiler\c5500_4.4.1\lib\</path>
         <kind>archive</kind>
         <file>rts55x.lib</file>
         <name>mpyd.obj</name>
      </input_file>
      <input_file id="fl-3a">
         <path>C:\ti\ccsv5\tools\compiler\c5500_4.4.1\lib\</path>
         <kind>archive</kind>
         <file>rts55x.lib</file>
         <name>negd.obj</name>
      </input_file>
      <input_file id="fl-3b">
         <path>C:\ti\ccsv5\tools\compiler\c5500_4.4.1\lib\</path>
         <kind>archive</kind>
         <file>rts55x.lib</file>
         <name>remli.obj</name>
      </input_file>
      <input_file id="fl-3c">
         <path>C:\ti\ccsv5\tools\compiler\c5500_4.4.1\lib\</path>
         <kind>archive</kind>
         <file>rts55x.lib</file>
         <name>remul.obj</name>
      </input_file>
      <input_file id="fl-3d">
         <path>C:\ti\ccsv5\tools\compiler\c5500_4.4.1\lib\</path>
         <kind>archive</kind>
         <file>rts55x.lib</file>
         <name>subd.obj</name>
      </input_file>
      <input_file id="fl-3e">
         <path>C:\ti\ccsv5\tools\compiler\c5500_4.4.1\lib\</path>
         <kind>archive</kind>
         <file>rts55x.lib</file>
         <name>trgdrv.obj</name>
      </input_file>
      <input_file id="fl-3f">
         <path>C:\ti\ccsv5\tools\compiler\c5500_4.4.1\lib\</path>
         <kind>archive</kind>
         <file>rts55x.lib</file>
         <name>trgmsg.obj</name>
      </input_file>
      <input_file id="fl-40">
         <path>C:\ti\ccsv5\tools\compiler\c5500_4.4.1\lib\</path>
         <kind>archive</kind>
         <file>rts55x.lib</file>
         <name>udiv.obj</name>
      </input_file>
      <input_file id="fl-41">
         <path>C:\ti\ccsv5\tools\compiler\c5500_4.4.1\lib\</path>
         <kind>archive</kind>
         <file>rts55x.lib</file>
         <name>_io_perm.obj</name>
      </input_file>
      <input_file id="fl-42">
         <path>C:\ti\ccsv5\tools\compiler\c5500_4.4.1\lib\</path>
         <kind>archive</kind>
         <file>rts55x.lib</file>
         <name>addd.obj</name>
      </input_file>
      <input_file id="fl-43">
         <path>C:\ti\ccsv5\tools\compiler\c5500_4.4.1\lib\</path>
         <kind>archive</kind>
         <file>rts55x.lib</file>
         <name>divli.obj</name>
      </input_file>
      <input_file id="fl-44">
         <path>C:\ti\ccsv5\tools\compiler\c5500_4.4.1\lib\</path>
         <kind>archive</kind>
         <file>rts55x.lib</file>
         <name>fflush.obj</name>
      </input_file>
      <input_file id="fl-45">
         <path>C:\ti\ccsv5\tools\compiler\c5500_4.4.1\lib\</path>
         <kind>archive</kind>
         <file>rts55x.lib</file>
         <name>frcmpyd.obj</name>
      </input_file>
      <input_file id="fl-46">
         <path>C:\ti\ccsv5\tools\compiler\c5500_4.4.1\lib\</path>
         <kind>archive</kind>
         <file>rts55x.lib</file>
         <name>fseek.obj</name>
      </input_file>
      <input_file id="fl-47">
         <path>C:\ti\ccsv5\tools\compiler\c5500_4.4.1\lib\</path>
         <kind>archive</kind>
         <file>rts55x.lib</file>
         <name>setvbuf.obj</name>
      </input_file>
      <input_file id="fl-48">
         <path>C:\ti\ccsv5\tools\compiler\c5500_4.4.1\lib\</path>
         <kind>archive</kind>
         <file>rts55x.lib</file>
         <name>fopen.obj</name>
      </input_file>
      <input_file id="fl-49">
         <path>C:\ti\ccsv5\tools\compiler\c5500_4.4.1\lib\</path>
         <kind>archive</kind>
         <file>rts55x.lib</file>
         <name>memory.obj</name>
      </input_file>
      <input_file id="fl-4a">
         <path>C:\ti\ccsv5\tools\compiler\c5500_4.4.1\lib\</path>
         <kind>archive</kind>
         <file>rts55x.lib</file>
         <name>fclose.obj</name>
      </input_file>
      <input_file id="fl-4b">
         <path>C:\ti\ccsv5\tools\compiler\c5500_4.4.1\lib\</path>
         <kind>archive</kind>
         <file>rts55x.lib</file>
         <name>remove.obj</name>
      </input_file>
   </input_file_list>
   <object_component_list>
      <object_component id="oc-4c">
         <name>.text</name>
         <load_address>0x20000</load_address>
         <run_address>0x20000</run_address>
         <size>0x15a4</size>
         <input_file_ref idref="fl-24"/>
      </object_component>
      <object_component id="oc-15">
         <name>.text</name>
         <load_address>0x215a4</load_address>
         <run_address>0x215a4</run_address>
         <size>0x728</size>
         <input_file_ref idref="fl-2"/>
      </object_component>
      <object_component id="oc-92">
         <name>.text</name>
         <load_address>0x21ccc</load_address>
         <run_address>0x21ccc</run_address>
         <size>0x543</size>
         <input_file_ref idref="fl-35"/>
      </object_component>
      <object_component id="oc-b8">
         <name>.text</name>
         <load_address>0x2220f</load_address>
         <run_address>0x2220f</run_address>
         <size>0x528</size>
         <input_file_ref idref="fl-3e"/>
      </object_component>
      <object_component id="oc-e9">
         <name>.text</name>
         <load_address>0x22737</load_address>
         <run_address>0x22737</run_address>
         <size>0x4b5</size>
         <input_file_ref idref="fl-49"/>
      </object_component>
      <object_component id="oc-68">
         <name>.text</name>
         <load_address>0x22bec</load_address>
         <run_address>0x22bec</run_address>
         <size>0x3cc</size>
         <input_file_ref idref="fl-2b"/>
      </object_component>
      <object_component id="oc-e3">
         <name>.text</name>
         <load_address>0x22fb8</load_address>
         <run_address>0x22fb8</run_address>
         <size>0x27f</size>
         <input_file_ref idref="fl-48"/>
      </object_component>
      <object_component id="oc-8e">
         <name>.text</name>
         <load_address>0x23237</load_address>
         <run_address>0x23237</run_address>
         <size>0x25e</size>
         <input_file_ref idref="fl-34"/>
      </object_component>
      <object_component id="oc-cb">
         <name>.text</name>
         <load_address>0x23495</load_address>
         <run_address>0x23495</run_address>
         <size>0x25a</size>
         <input_file_ref idref="fl-42"/>
      </object_component>
      <object_component id="oc-5e">
         <name>.text</name>
         <load_address>0x236ef</load_address>
         <run_address>0x236ef</run_address>
         <size>0x1ea</size>
         <input_file_ref idref="fl-28"/>
      </object_component>
      <object_component id="oc-81">
         <name>.text</name>
         <load_address>0x238d9</load_address>
         <run_address>0x238d9</run_address>
         <size>0x163</size>
         <input_file_ref idref="fl-31"/>
      </object_component>
      <object_component id="oc-a4">
         <name>.text</name>
         <load_address>0x23a3c</load_address>
         <run_address>0x23a3c</run_address>
         <size>0x14c</size>
         <input_file_ref idref="fl-39"/>
      </object_component>
      <object_component id="oc-df">
         <name>.text</name>
         <load_address>0x23b88</load_address>
         <run_address>0x23b88</run_address>
         <size>0xe6</size>
         <input_file_ref idref="fl-47"/>
      </object_component>
      <object_component id="oc-c7">
         <name>.text</name>
         <load_address>0x23c6e</load_address>
         <run_address>0x23c6e</run_address>
         <size>0xdd</size>
         <input_file_ref idref="fl-41"/>
      </object_component>
      <object_component id="oc-d3">
         <name>.text</name>
         <load_address>0x23d4b</load_address>
         <run_address>0x23d4b</run_address>
         <size>0xc2</size>
         <input_file_ref idref="fl-44"/>
      </object_component>
      <object_component id="oc-1d">
         <name>.text</name>
         <load_address>0x23e0d</load_address>
         <run_address>0x23e0d</run_address>
         <size>0xbb</size>
         <input_file_ref idref="fl-7"/>
      </object_component>
      <object_component id="oc-c0">
         <name>.text:CIO_breakpoint</name>
         <load_address>0x23ec8</load_address>
         <run_address>0x23ec8</run_address>
         <size>0xba</size>
         <input_file_ref idref="fl-3f"/>
      </object_component>
      <object_component id="oc-7d">
         <name>.text</name>
         <load_address>0x23f82</load_address>
         <run_address>0x23f82</run_address>
         <size>0xa6</size>
         <input_file_ref idref="fl-30"/>
      </object_component>
      <object_component id="oc-6c">
         <name>.text</name>
         <load_address>0x24028</load_address>
         <run_address>0x24028</run_address>
         <size>0xa1</size>
         <input_file_ref idref="fl-2c"/>
      </object_component>
      <object_component id="oc-98">
         <name>.text</name>
         <load_address>0x240c9</load_address>
         <run_address>0x240c9</run_address>
         <size>0x7d</size>
         <input_file_ref idref="fl-36"/>
      </object_component>
      <object_component id="oc-f0">
         <name>.text</name>
         <load_address>0x24146</load_address>
         <run_address>0x24146</run_address>
         <size>0x7b</size>
         <input_file_ref idref="fl-4a"/>
      </object_component>
      <object_component id="oc-d7">
         <name>.text</name>
         <load_address>0x241c1</load_address>
         <run_address>0x241c1</run_address>
         <size>0x76</size>
         <input_file_ref idref="fl-45"/>
      </object_component>
      <object_component id="oc-86">
         <name>.text</name>
         <load_address>0x24237</load_address>
         <run_address>0x24237</run_address>
         <size>0x73</size>
         <input_file_ref idref="fl-32"/>
      </object_component>
      <object_component id="oc-b0">
         <name>.text</name>
         <load_address>0x242aa</load_address>
         <run_address>0x242aa</run_address>
         <size>0x72</size>
         <input_file_ref idref="fl-3c"/>
      </object_component>
      <object_component id="oc-74">
         <name>.text</name>
         <load_address>0x2431c</load_address>
         <run_address>0x2431c</run_address>
         <size>0x6f</size>
         <input_file_ref idref="fl-2e"/>
      </object_component>
      <object_component id="oc-bd">
         <name>.text</name>
         <load_address>0x2438b</load_address>
         <run_address>0x2438b</run_address>
         <size>0x6d</size>
         <input_file_ref idref="fl-3f"/>
      </object_component>
      <object_component id="oc-db">
         <name>.text</name>
         <load_address>0x243f8</load_address>
         <run_address>0x243f8</run_address>
         <size>0x6b</size>
         <input_file_ref idref="fl-46"/>
      </object_component>
      <object_component id="oc-78">
         <name>.text</name>
         <load_address>0x24463</load_address>
         <run_address>0x24463</run_address>
         <size>0x67</size>
         <input_file_ref idref="fl-2f"/>
      </object_component>
      <object_component id="oc-2a">
         <name>.text</name>
         <load_address>0x244ca</load_address>
         <run_address>0x244ca</run_address>
         <size>0x63</size>
         <input_file_ref idref="fl-a"/>
      </object_component>
      <object_component id="oc-56">
         <name>.text</name>
         <load_address>0x2452d</load_address>
         <run_address>0x2452d</run_address>
         <size>0x5c</size>
         <input_file_ref idref="fl-26"/>
      </object_component>
      <object_component id="oc-3e">
         <name>.text</name>
         <load_address>0x24589</load_address>
         <run_address>0x24589</run_address>
         <size>0x50</size>
         <input_file_ref idref="fl-21"/>
      </object_component>
      <object_component id="oc-5a">
         <name>.text</name>
         <load_address>0x245d9</load_address>
         <run_address>0x245d9</run_address>
         <size>0x4d</size>
         <input_file_ref idref="fl-27"/>
      </object_component>
      <object_component id="oc-52">
         <name>.text</name>
         <load_address>0x24626</load_address>
         <run_address>0x24626</run_address>
         <size>0x4b</size>
         <input_file_ref idref="fl-25"/>
      </object_component>
      <object_component id="oc-ac">
         <name>.text</name>
         <load_address>0x24671</load_address>
         <run_address>0x24671</run_address>
         <size>0x4b</size>
         <input_file_ref idref="fl-3b"/>
      </object_component>
      <object_component id="oc-cf">
         <name>.text</name>
         <load_address>0x246bc</load_address>
         <run_address>0x246bc</run_address>
         <size>0x48</size>
         <input_file_ref idref="fl-43"/>
      </object_component>
      <object_component id="oc-a0">
         <name>.text</name>
         <load_address>0x24704</load_address>
         <run_address>0x24704</run_address>
         <size>0x3f</size>
         <input_file_ref idref="fl-38"/>
      </object_component>
      <object_component id="oc-33">
         <name>.text</name>
         <load_address>0x24743</load_address>
         <run_address>0x24743</run_address>
         <size>0x3e</size>
         <input_file_ref idref="fl-1f"/>
      </object_component>
      <object_component id="oc-21">
         <name>.text</name>
         <load_address>0x24781</load_address>
         <run_address>0x24781</run_address>
         <size>0x36</size>
         <input_file_ref idref="fl-8"/>
      </object_component>
      <object_component id="oc-13">
         <name>.text</name>
         <load_address>0x247b7</load_address>
         <run_address>0x247b7</run_address>
         <size>0x34</size>
         <input_file_ref idref="fl-1e"/>
      </object_component>
      <object_component id="oc-70">
         <name>.text</name>
         <load_address>0x247eb</load_address>
         <run_address>0x247eb</run_address>
         <size>0x2a</size>
         <input_file_ref idref="fl-2d"/>
      </object_component>
      <object_component id="oc-c3">
         <name>.text</name>
         <load_address>0x24815</load_address>
         <run_address>0x24815</run_address>
         <size>0x2a</size>
         <input_file_ref idref="fl-40"/>
      </object_component>
      <object_component id="oc-9c">
         <name>.text</name>
         <load_address>0x2483f</load_address>
         <run_address>0x2483f</run_address>
         <size>0x23</size>
         <input_file_ref idref="fl-37"/>
      </object_component>
      <object_component id="oc-8a">
         <name>.text</name>
         <load_address>0x24862</load_address>
         <run_address>0x24862</run_address>
         <size>0x1a</size>
         <input_file_ref idref="fl-33"/>
      </object_component>
      <object_component id="oc-b4">
         <name>.text</name>
         <load_address>0x2487c</load_address>
         <run_address>0x2487c</run_address>
         <size>0x14</size>
         <input_file_ref idref="fl-3d"/>
      </object_component>
      <object_component id="oc-3a">
         <name>.text</name>
         <load_address>0x24890</load_address>
         <run_address>0x24890</run_address>
         <size>0x13</size>
         <input_file_ref idref="fl-20"/>
      </object_component>
      <object_component id="oc-46">
         <name>.text</name>
         <load_address>0x248a3</load_address>
         <run_address>0x248a3</run_address>
         <size>0x12</size>
         <input_file_ref idref="fl-23"/>
      </object_component>
      <object_component id="oc-a8">
         <name>.text</name>
         <load_address>0x248b5</load_address>
         <run_address>0x248b5</run_address>
         <size>0x10</size>
         <input_file_ref idref="fl-3a"/>
      </object_component>
      <object_component id="oc-f4">
         <name>.text</name>
         <load_address>0x248c5</load_address>
         <run_address>0x248c5</run_address>
         <size>0xa</size>
         <input_file_ref idref="fl-4b"/>
      </object_component>
      <object_component id="oc-25">
         <name>.text</name>
         <load_address>0x248cf</load_address>
         <run_address>0x248cf</run_address>
         <size>0x8</size>
         <input_file_ref idref="fl-9"/>
      </object_component>
      <object_component id="oc-37">
         <name>.text:CIO_breakpoint</name>
         <load_address>0x248d7</load_address>
         <run_address>0x248d7</run_address>
         <size>0x7</size>
         <input_file_ref idref="fl-1f"/>
      </object_component>
      <object_component id="oc-42">
         <name>.text</name>
         <load_address>0x248de</load_address>
         <run_address>0x248de</run_address>
         <size>0x2</size>
         <input_file_ref idref="fl-22"/>
      </object_component>
      <object_component id="oc-2f">
         <name>.stack</name>
         <uninitialized>true</uninitialized>
         <run_address>0xc0</run_address>
         <size>0x0</size>
         <input_file_ref idref="fl-1e"/>
      </object_component>
      <object_component id="oc-117">
         <name>.stack</name>
         <uninitialized>true</uninitialized>
         <run_address>0xc0</run_address>
         <size>0x0</size>
      </object_component>
      <object_component id="oc-f8">
         <name>.sysstack</name>
         <uninitialized>true</uninitialized>
         <run_address>0x20c0</run_address>
         <size>0x0</size>
         <input_file_ref idref="fl-1e"/>
      </object_component>
      <object_component id="oc-119">
         <name>.sysstack</name>
         <uninitialized>true</uninitialized>
         <run_address>0x20c0</run_address>
         <size>0x0</size>
      </object_component>
      <object_component id="oc-16">
         <name>.bss</name>
         <uninitialized>true</uninitialized>
         <run_address>0x30c0</run_address>
         <size>0x2074</size>
         <input_file_ref idref="fl-2"/>
      </object_component>
      <object_component id="oc-64">
         <name>.bss</name>
         <uninitialized>true</uninitialized>
         <run_address>0x5134</run_address>
         <size>0x232</size>
         <input_file_ref idref="fl-2a"/>
      </object_component>
      <object_component id="oc-b9">
         <name>.bss</name>
         <uninitialized>true</uninitialized>
         <run_address>0x5366</run_address>
         <size>0x1a0</size>
         <input_file_ref idref="fl-3e"/>
      </object_component>
      <object_component id="oc-26">
         <name>.bss</name>
         <uninitialized>true</uninitialized>
         <run_address>0x5506</run_address>
         <size>0x2</size>
         <input_file_ref idref="fl-9"/>
      </object_component>
      <object_component id="oc-93">
         <name>.bss</name>
         <uninitialized>true</uninitialized>
         <run_address>0x5508</run_address>
         <size>0xe2</size>
         <input_file_ref idref="fl-35"/>
      </object_component>
      <object_component id="oc-e4">
         <name>.bss</name>
         <uninitialized>true</uninitialized>
         <run_address>0x55ea</run_address>
         <size>0x2</size>
         <input_file_ref idref="fl-48"/>
      </object_component>
      <object_component id="oc-ea">
         <name>.bss</name>
         <uninitialized>true</uninitialized>
         <run_address>0x55ec</run_address>
         <size>0xc</size>
         <input_file_ref idref="fl-49"/>
      </object_component>
      <object_component id="oc-47">
         <name>.bss</name>
         <uninitialized>true</uninitialized>
         <run_address>0x55f8</run_address>
         <size>0x8</size>
         <input_file_ref idref="fl-23"/>
      </object_component>
      <object_component id="oc-34">
         <name>.bss</name>
         <uninitialized>true</uninitialized>
         <run_address>0x5600</run_address>
         <size>0x8</size>
         <input_file_ref idref="fl-1f"/>
      </object_component>
      <object_component id="oc-fa">
         <name>.const:_hamming</name>
         <load_address>0x5700</load_address>
         <run_address>0x5700</run_address>
         <size>0x1000</size>
         <input_file_ref idref="fl-2"/>
      </object_component>
      <object_component id="oc-f9">
         <name>.const:_testsignal</name>
         <load_address>0x6700</load_address>
         <run_address>0x6700</run_address>
         <size>0x1000</size>
         <input_file_ref idref="fl-2"/>
      </object_component>
      <object_component id="oc-fb">
         <name>.const:__ctypes_</name>
         <load_address>0x7700</load_address>
         <run_address>0x7700</run_address>
         <size>0x202</size>
         <input_file_ref idref="fl-29"/>
      </object_component>
      <object_component id="oc-19">
         <name>.const:.string</name>
         <load_address>0x7904</load_address>
         <run_address>0x7904</run_address>
         <size>0x13c</size>
         <input_file_ref idref="fl-2"/>
      </object_component>
      <object_component id="oc-4f">
         <name>.const:.string</name>
         <load_address>0x7a40</load_address>
         <run_address>0x7a40</run_address>
         <size>0x48</size>
         <input_file_ref idref="fl-24"/>
      </object_component>
      <object_component id="oc-4e">
         <name>.const</name>
         <load_address>0x7a88</load_address>
         <run_address>0x7a88</run_address>
         <size>0x18</size>
         <input_file_ref idref="fl-24"/>
      </object_component>
      <object_component id="oc-fc">
         <name>.const:_initial_approx$1</name>
         <load_address>0x7aa0</load_address>
         <run_address>0x7aa0</run_address>
         <size>0x10</size>
         <input_file_ref idref="fl-2b"/>
      </object_component>
      <object_component id="oc-83">
         <name>.const:.string</name>
         <load_address>0x7ab0</load_address>
         <run_address>0x7ab0</run_address>
         <size>0x4</size>
         <input_file_ref idref="fl-31"/>
      </object_component>
      <object_component id="oc-7a">
         <name>.const</name>
         <load_address>0x7ab4</load_address>
         <run_address>0x7ab4</run_address>
         <size>0x4</size>
         <input_file_ref idref="fl-2f"/>
      </object_component>
      <object_component id="oc-2b">
         <name>.const</name>
         <load_address>0x7b00</load_address>
         <run_address>0x7b00</run_address>
         <size>0x20</size>
         <input_file_ref idref="fl-a"/>
      </object_component>
      <object_component id="oc-ed">
         <name>.sysmem</name>
         <uninitialized>true</uninitialized>
         <run_address>0x7b20</run_address>
         <size>0x0</size>
         <input_file_ref idref="fl-49"/>
      </object_component>
      <object_component id="oc-118">
         <name>.sysmem</name>
         <uninitialized>true</uninitialized>
         <run_address>0x7b20</run_address>
         <size>0x0</size>
      </object_component>
      <object_component id="oc-95">
         <name>.cinit</name>
         <load_address>0x40240</load_address>
         <run_address>0x40240</run_address>
         <size>0x5a</size>
         <input_file_ref idref="fl-35"/>
      </object_component>
      <object_component id="oc-66">
         <name>.cinit</name>
         <load_address>0x4029a</load_address>
         <run_address>0x4029a</run_address>
         <size>0x54</size>
         <input_file_ref idref="fl-2a"/>
      </object_component>
      <object_component id="oc-49">
         <name>.cinit</name>
         <load_address>0x402ee</load_address>
         <run_address>0x402ee</run_address>
         <size>0x14</size>
         <input_file_ref idref="fl-23"/>
      </object_component>
      <object_component id="oc-36">
         <name>.cinit</name>
         <load_address>0x40302</load_address>
         <run_address>0x40302</run_address>
         <size>0x14</size>
         <input_file_ref idref="fl-1f"/>
      </object_component>
      <object_component id="oc-18">
         <name>.cinit</name>
         <load_address>0x40316</load_address>
         <run_address>0x40316</run_address>
         <size>0x8</size>
         <input_file_ref idref="fl-2"/>
      </object_component>
      <object_component id="oc-e6">
         <name>.cinit</name>
         <load_address>0x4031e</load_address>
         <run_address>0x4031e</run_address>
         <size>0x8</size>
         <input_file_ref idref="fl-48"/>
      </object_component>
      <object_component id="oc-ec">
         <name>.cinit</name>
         <load_address>0x40326</load_address>
         <run_address>0x40326</run_address>
         <size>0x8</size>
         <input_file_ref idref="fl-49"/>
      </object_component>
      <object_component id="oc-bf">
         <name>.cio</name>
         <uninitialized>true</uninitialized>
         <run_address>0x40000</run_address>
         <size>0x240</size>
         <input_file_ref idref="fl-3f"/>
      </object_component>
      <object_component id="oc-14">
         <name>vectors</name>
         <load_address>0x4fe00</load_address>
         <run_address>0x4fe00</run_address>
         <size>0x100</size>
         <input_file_ref idref="fl-22"/>
      </object_component>
      <object_component id="oc-17">
         <name>.debug_info</name>
         <load_address>0x0</load_address>
         <run_address>0x0</run_address>
         <size>0x1c5d</size>
         <input_file_ref idref="fl-2"/>
      </object_component>
      <object_component id="oc-1e">
         <name>.debug_info</name>
         <load_address>0x1c5d</load_address>
         <run_address>0x1c5d</run_address>
         <size>0xd0</size>
         <input_file_ref idref="fl-7"/>
      </object_component>
      <object_component id="oc-22">
         <name>.debug_info</name>
         <load_address>0x1d2d</load_address>
         <run_address>0x1d2d</run_address>
         <size>0xd1</size>
         <input_file_ref idref="fl-8"/>
      </object_component>
      <object_component id="oc-27">
         <name>.debug_info</name>
         <load_address>0x1dfe</load_address>
         <run_address>0x1dfe</run_address>
         <size>0xd2</size>
         <input_file_ref idref="fl-9"/>
      </object_component>
      <object_component id="oc-2c">
         <name>.debug_info</name>
         <load_address>0x1ed0</load_address>
         <run_address>0x1ed0</run_address>
         <size>0xd0</size>
         <input_file_ref idref="fl-a"/>
      </object_component>
      <object_component id="oc-30">
         <name>.debug_info</name>
         <load_address>0x1fa0</load_address>
         <run_address>0x1fa0</run_address>
         <size>0xe8</size>
         <input_file_ref idref="fl-1e"/>
      </object_component>
      <object_component id="oc-35">
         <name>.debug_info</name>
         <load_address>0x2088</load_address>
         <run_address>0x2088</run_address>
         <size>0x5fb</size>
         <input_file_ref idref="fl-1f"/>
      </object_component>
      <object_component id="oc-3b">
         <name>.debug_info</name>
         <load_address>0x2683</load_address>
         <run_address>0x2683</run_address>
         <size>0xbd</size>
         <input_file_ref idref="fl-20"/>
      </object_component>
      <object_component id="oc-3f">
         <name>.debug_info</name>
         <load_address>0x2740</load_address>
         <run_address>0x2740</run_address>
         <size>0x76c</size>
         <input_file_ref idref="fl-21"/>
      </object_component>
      <object_component id="oc-43">
         <name>.debug_info</name>
         <load_address>0x2eac</load_address>
         <run_address>0x2eac</run_address>
         <size>0xbc</size>
         <input_file_ref idref="fl-22"/>
      </object_component>
      <object_component id="oc-48">
         <name>.debug_info</name>
         <load_address>0x2f68</load_address>
         <run_address>0x2f68</run_address>
         <size>0x5bc</size>
         <input_file_ref idref="fl-23"/>
      </object_component>
      <object_component id="oc-4d">
         <name>.debug_info</name>
         <load_address>0x3524</load_address>
         <run_address>0x3524</run_address>
         <size>0x27bd</size>
         <input_file_ref idref="fl-24"/>
      </object_component>
      <object_component id="oc-53">
         <name>.debug_info</name>
         <load_address>0x5ce1</load_address>
         <run_address>0x5ce1</run_address>
         <size>0x586</size>
         <input_file_ref idref="fl-25"/>
      </object_component>
      <object_component id="oc-57">
         <name>.debug_info</name>
         <load_address>0x6267</load_address>
         <run_address>0x6267</run_address>
         <size>0x5a4</size>
         <input_file_ref idref="fl-26"/>
      </object_component>
      <object_component id="oc-5b">
         <name>.debug_info</name>
         <load_address>0x680b</load_address>
         <run_address>0x680b</run_address>
         <size>0xcd</size>
         <input_file_ref idref="fl-27"/>
      </object_component>
      <object_component id="oc-5f">
         <name>.debug_info</name>
         <load_address>0x68d8</load_address>
         <run_address>0x68d8</run_address>
         <size>0x81f</size>
         <input_file_ref idref="fl-28"/>
      </object_component>
      <object_component id="oc-62">
         <name>.debug_info</name>
         <load_address>0x70f7</load_address>
         <run_address>0x70f7</run_address>
         <size>0x498</size>
         <input_file_ref idref="fl-29"/>
      </object_component>
      <object_component id="oc-65">
         <name>.debug_info</name>
         <load_address>0x758f</load_address>
         <run_address>0x758f</run_address>
         <size>0x57e</size>
         <input_file_ref idref="fl-2a"/>
      </object_component>
      <object_component id="oc-69">
         <name>.debug_info</name>
         <load_address>0x7b0d</load_address>
         <run_address>0x7b0d</run_address>
         <size>0x7e8</size>
         <input_file_ref idref="fl-2b"/>
      </object_component>
      <object_component id="oc-6d">
         <name>.debug_info</name>
         <load_address>0x82f5</load_address>
         <run_address>0x82f5</run_address>
         <size>0x534</size>
         <input_file_ref idref="fl-2c"/>
      </object_component>
      <object_component id="oc-71">
         <name>.debug_info</name>
         <load_address>0x8829</load_address>
         <run_address>0x8829</run_address>
         <size>0x4cf</size>
         <input_file_ref idref="fl-2d"/>
      </object_component>
      <object_component id="oc-75">
         <name>.debug_info</name>
         <load_address>0x8cf8</load_address>
         <run_address>0x8cf8</run_address>
         <size>0x534</size>
         <input_file_ref idref="fl-2e"/>
      </object_component>
      <object_component id="oc-79">
         <name>.debug_info</name>
         <load_address>0x922c</load_address>
         <run_address>0x922c</run_address>
         <size>0x549</size>
         <input_file_ref idref="fl-2f"/>
      </object_component>
      <object_component id="oc-7e">
         <name>.debug_info</name>
         <load_address>0x9775</load_address>
         <run_address>0x9775</run_address>
         <size>0x6aa</size>
         <input_file_ref idref="fl-30"/>
      </object_component>
      <object_component id="oc-82">
         <name>.debug_info</name>
         <load_address>0x9e1f</load_address>
         <run_address>0x9e1f</run_address>
         <size>0x942</size>
         <input_file_ref idref="fl-31"/>
      </object_component>
      <object_component id="oc-87">
         <name>.debug_info</name>
         <load_address>0xa761</load_address>
         <run_address>0xa761</run_address>
         <size>0x53e</size>
         <input_file_ref idref="fl-32"/>
      </object_component>
      <object_component id="oc-8b">
         <name>.debug_info</name>
         <load_address>0xac9f</load_address>
         <run_address>0xac9f</run_address>
         <size>0x680</size>
         <input_file_ref idref="fl-33"/>
      </object_component>
      <object_component id="oc-8f">
         <name>.debug_info</name>
         <load_address>0xb31f</load_address>
         <run_address>0xb31f</run_address>
         <size>0x7d4</size>
         <input_file_ref idref="fl-34"/>
      </object_component>
      <object_component id="oc-94">
         <name>.debug_info</name>
         <load_address>0xbaf3</load_address>
         <run_address>0xbaf3</run_address>
         <size>0x144b</size>
         <input_file_ref idref="fl-35"/>
      </object_component>
      <object_component id="oc-99">
         <name>.debug_info</name>
         <load_address>0xcf3e</load_address>
         <run_address>0xcf3e</run_address>
         <size>0x5ad</size>
         <input_file_ref idref="fl-36"/>
      </object_component>
      <object_component id="oc-9d">
         <name>.debug_info</name>
         <load_address>0xd4eb</load_address>
         <run_address>0xd4eb</run_address>
         <size>0x574</size>
         <input_file_ref idref="fl-37"/>
      </object_component>
      <object_component id="oc-a1">
         <name>.debug_info</name>
         <load_address>0xda5f</load_address>
         <run_address>0xda5f</run_address>
         <size>0xd1</size>
         <input_file_ref idref="fl-38"/>
      </object_component>
      <object_component id="oc-a5">
         <name>.debug_info</name>
         <load_address>0xdb30</load_address>
         <run_address>0xdb30</run_address>
         <size>0x55b</size>
         <input_file_ref idref="fl-39"/>
      </object_component>
      <object_component id="oc-a9">
         <name>.debug_info</name>
         <load_address>0xe08b</load_address>
         <run_address>0xe08b</run_address>
         <size>0x4b7</size>
         <input_file_ref idref="fl-3a"/>
      </object_component>
      <object_component id="oc-ad">
         <name>.debug_info</name>
         <load_address>0xe542</load_address>
         <run_address>0xe542</run_address>
         <size>0x4f2</size>
         <input_file_ref idref="fl-3b"/>
      </object_component>
      <object_component id="oc-b1">
         <name>.debug_info</name>
         <load_address>0xea34</load_address>
         <run_address>0xea34</run_address>
         <size>0x534</size>
         <input_file_ref idref="fl-3c"/>
      </object_component>
      <object_component id="oc-b5">
         <name>.debug_info</name>
         <load_address>0xef68</load_address>
         <run_address>0xef68</run_address>
         <size>0x4de</size>
         <input_file_ref idref="fl-3d"/>
      </object_component>
      <object_component id="oc-ba">
         <name>.debug_info</name>
         <load_address>0xf446</load_address>
         <run_address>0xf446</run_address>
         <size>0xed4</size>
         <input_file_ref idref="fl-3e"/>
      </object_component>
      <object_component id="oc-be">
         <name>.debug_info</name>
         <load_address>0x1031a</load_address>
         <run_address>0x1031a</run_address>
         <size>0x744</size>
         <input_file_ref idref="fl-3f"/>
      </object_component>
      <object_component id="oc-c4">
         <name>.debug_info</name>
         <load_address>0x10a5e</load_address>
         <run_address>0x10a5e</run_address>
         <size>0xef</size>
         <input_file_ref idref="fl-40"/>
      </object_component>
      <object_component id="oc-c8">
         <name>.debug_info</name>
         <load_address>0x10b4d</load_address>
         <run_address>0x10b4d</run_address>
         <size>0x662</size>
         <input_file_ref idref="fl-41"/>
      </object_component>
      <object_component id="oc-cc">
         <name>.debug_info</name>
         <load_address>0x111af</load_address>
         <run_address>0x111af</run_address>
         <size>0x5ab</size>
         <input_file_ref idref="fl-42"/>
      </object_component>
      <object_component id="oc-d0">
         <name>.debug_info</name>
         <load_address>0x1175a</load_address>
         <run_address>0x1175a</run_address>
         <size>0x4f2</size>
         <input_file_ref idref="fl-43"/>
      </object_component>
      <object_component id="oc-d4">
         <name>.debug_info</name>
         <load_address>0x11c4c</load_address>
         <run_address>0x11c4c</run_address>
         <size>0x706</size>
         <input_file_ref idref="fl-44"/>
      </object_component>
      <object_component id="oc-d8">
         <name>.debug_info</name>
         <load_address>0x12352</load_address>
         <run_address>0x12352</run_address>
         <size>0x4d2</size>
         <input_file_ref idref="fl-45"/>
      </object_component>
      <object_component id="oc-dc">
         <name>.debug_info</name>
         <load_address>0x12824</load_address>
         <run_address>0x12824</run_address>
         <size>0x5f7</size>
         <input_file_ref idref="fl-46"/>
      </object_component>
      <object_component id="oc-e0">
         <name>.debug_info</name>
         <load_address>0x12e1b</load_address>
         <run_address>0x12e1b</run_address>
         <size>0x64a</size>
         <input_file_ref idref="fl-47"/>
      </object_component>
      <object_component id="oc-e5">
         <name>.debug_info</name>
         <load_address>0x13465</load_address>
         <run_address>0x13465</run_address>
         <size>0xa1c</size>
         <input_file_ref idref="fl-48"/>
      </object_component>
      <object_component id="oc-eb">
         <name>.debug_info</name>
         <load_address>0x13e81</load_address>
         <run_address>0x13e81</run_address>
         <size>0xb97</size>
         <input_file_ref idref="fl-49"/>
      </object_component>
      <object_component id="oc-f1">
         <name>.debug_info</name>
         <load_address>0x14a18</load_address>
         <run_address>0x14a18</run_address>
         <size>0x64f</size>
         <input_file_ref idref="fl-4a"/>
      </object_component>
      <object_component id="oc-f5">
         <name>.debug_info</name>
         <load_address>0x15067</load_address>
         <run_address>0x15067</run_address>
         <size>0x510</size>
         <input_file_ref idref="fl-4b"/>
      </object_component>
      <object_component id="oc-120">
         <name>.debug_info</name>
         <load_address>0x15577</load_address>
         <run_address>0x15577</run_address>
         <size>0x6e</size>
      </object_component>
      <object_component id="oc-1a">
         <name>.debug_frame</name>
         <load_address>0x0</load_address>
         <run_address>0x0</run_address>
         <size>0x290</size>
         <input_file_ref idref="fl-2"/>
      </object_component>
      <object_component id="oc-1b">
         <name>.debug_line</name>
         <load_address>0x0</load_address>
         <run_address>0x0</run_address>
         <size>0x46d</size>
         <input_file_ref idref="fl-2"/>
      </object_component>
      <object_component id="oc-1f">
         <name>.debug_line</name>
         <load_address>0x46d</load_address>
         <run_address>0x46d</run_address>
         <size>0x6d</size>
         <input_file_ref idref="fl-7"/>
      </object_component>
      <object_component id="oc-23">
         <name>.debug_line</name>
         <load_address>0x4da</load_address>
         <run_address>0x4da</run_address>
         <size>0x46</size>
         <input_file_ref idref="fl-8"/>
      </object_component>
      <object_component id="oc-28">
         <name>.debug_line</name>
         <load_address>0x520</load_address>
         <run_address>0x520</run_address>
         <size>0x3b</size>
         <input_file_ref idref="fl-9"/>
      </object_component>
      <object_component id="oc-2d">
         <name>.debug_line</name>
         <load_address>0x55b</load_address>
         <run_address>0x55b</run_address>
         <size>0x52</size>
         <input_file_ref idref="fl-a"/>
      </object_component>
      <object_component id="oc-31">
         <name>.debug_line</name>
         <load_address>0x5ad</load_address>
         <run_address>0x5ad</run_address>
         <size>0x54</size>
         <input_file_ref idref="fl-1e"/>
      </object_component>
      <object_component id="oc-38">
         <name>.debug_line</name>
         <load_address>0x601</load_address>
         <run_address>0x601</run_address>
         <size>0x51</size>
         <input_file_ref idref="fl-1f"/>
      </object_component>
      <object_component id="oc-3c">
         <name>.debug_line</name>
         <load_address>0x652</load_address>
         <run_address>0x652</run_address>
         <size>0x3c</size>
         <input_file_ref idref="fl-20"/>
      </object_component>
      <object_component id="oc-40">
         <name>.debug_line</name>
         <load_address>0x68e</load_address>
         <run_address>0x68e</run_address>
         <size>0x69</size>
         <input_file_ref idref="fl-21"/>
      </object_component>
      <object_component id="oc-44">
         <name>.debug_line</name>
         <load_address>0x6f7</load_address>
         <run_address>0x6f7</run_address>
         <size>0x37</size>
         <input_file_ref idref="fl-22"/>
      </object_component>
      <object_component id="oc-4a">
         <name>.debug_line</name>
         <load_address>0x72e</load_address>
         <run_address>0x72e</run_address>
         <size>0x57</size>
         <input_file_ref idref="fl-23"/>
      </object_component>
      <object_component id="oc-50">
         <name>.debug_line</name>
         <load_address>0x785</load_address>
         <run_address>0x785</run_address>
         <size>0x328</size>
         <input_file_ref idref="fl-24"/>
      </object_component>
      <object_component id="oc-54">
         <name>.debug_line</name>
         <load_address>0xaad</load_address>
         <run_address>0xaad</run_address>
         <size>0x41</size>
         <input_file_ref idref="fl-25"/>
      </object_component>
      <object_component id="oc-58">
         <name>.debug_line</name>
         <load_address>0xaee</load_address>
         <run_address>0xaee</run_address>
         <size>0x46</size>
         <input_file_ref idref="fl-26"/>
      </object_component>
      <object_component id="oc-5c">
         <name>.debug_line</name>
         <load_address>0xb34</load_address>
         <run_address>0xb34</run_address>
         <size>0x55</size>
         <input_file_ref idref="fl-27"/>
      </object_component>
      <object_component id="oc-60">
         <name>.debug_line</name>
         <load_address>0xb89</load_address>
         <run_address>0xb89</run_address>
         <size>0xad</size>
         <input_file_ref idref="fl-28"/>
      </object_component>
      <object_component id="oc-6a">
         <name>.debug_line</name>
         <load_address>0xc36</load_address>
         <run_address>0xc36</run_address>
         <size>0x5b</size>
         <input_file_ref idref="fl-2b"/>
      </object_component>
      <object_component id="oc-6e">
         <name>.debug_line</name>
         <load_address>0xc91</load_address>
         <run_address>0xc91</run_address>
         <size>0x44</size>
         <input_file_ref idref="fl-2c"/>
      </object_component>
      <object_component id="oc-72">
         <name>.debug_line</name>
         <load_address>0xcd5</load_address>
         <run_address>0xcd5</run_address>
         <size>0x3d</size>
         <input_file_ref idref="fl-2d"/>
      </object_component>
      <object_component id="oc-76">
         <name>.debug_line</name>
         <load_address>0xd12</load_address>
         <run_address>0xd12</run_address>
         <size>0x3d</size>
         <input_file_ref idref="fl-2e"/>
      </object_component>
      <object_component id="oc-7b">
         <name>.debug_line</name>
         <load_address>0xd4f</load_address>
         <run_address>0xd4f</run_address>
         <size>0x44</size>
         <input_file_ref idref="fl-2f"/>
      </object_component>
      <object_component id="oc-7f">
         <name>.debug_line</name>
         <load_address>0xd93</load_address>
         <run_address>0xd93</run_address>
         <size>0x56</size>
         <input_file_ref idref="fl-30"/>
      </object_component>
      <object_component id="oc-84">
         <name>.debug_line</name>
         <load_address>0xde9</load_address>
         <run_address>0xde9</run_address>
         <size>0xa8</size>
         <input_file_ref idref="fl-31"/>
      </object_component>
      <object_component id="oc-88">
         <name>.debug_line</name>
         <load_address>0xe91</load_address>
         <run_address>0xe91</run_address>
         <size>0x40</size>
         <input_file_ref idref="fl-32"/>
      </object_component>
      <object_component id="oc-8c">
         <name>.debug_line</name>
         <load_address>0xed1</load_address>
         <run_address>0xed1</run_address>
         <size>0x38</size>
         <input_file_ref idref="fl-33"/>
      </object_component>
      <object_component id="oc-90">
         <name>.debug_line</name>
         <load_address>0xf09</load_address>
         <run_address>0xf09</run_address>
         <size>0xa8</size>
         <input_file_ref idref="fl-34"/>
      </object_component>
      <object_component id="oc-96">
         <name>.debug_line</name>
         <load_address>0xfb1</load_address>
         <run_address>0xfb1</run_address>
         <size>0x1b0</size>
         <input_file_ref idref="fl-35"/>
      </object_component>
      <object_component id="oc-9a">
         <name>.debug_line</name>
         <load_address>0x1161</load_address>
         <run_address>0x1161</run_address>
         <size>0x40</size>
         <input_file_ref idref="fl-36"/>
      </object_component>
      <object_component id="oc-9e">
         <name>.debug_line</name>
         <load_address>0x11a1</load_address>
         <run_address>0x11a1</run_address>
         <size>0x3c</size>
         <input_file_ref idref="fl-37"/>
      </object_component>
      <object_component id="oc-a2">
         <name>.debug_line</name>
         <load_address>0x11dd</load_address>
         <run_address>0x11dd</run_address>
         <size>0x4d</size>
         <input_file_ref idref="fl-38"/>
      </object_component>
      <object_component id="oc-a6">
         <name>.debug_line</name>
         <load_address>0x122a</load_address>
         <run_address>0x122a</run_address>
         <size>0x3c</size>
         <input_file_ref idref="fl-39"/>
      </object_component>
      <object_component id="oc-aa">
         <name>.debug_line</name>
         <load_address>0x1266</load_address>
         <run_address>0x1266</run_address>
         <size>0x37</size>
         <input_file_ref idref="fl-3a"/>
      </object_component>
      <object_component id="oc-ae">
         <name>.debug_line</name>
         <load_address>0x129d</load_address>
         <run_address>0x129d</run_address>
         <size>0x3c</size>
         <input_file_ref idref="fl-3b"/>
      </object_component>
      <object_component id="oc-b2">
         <name>.debug_line</name>
         <load_address>0x12d9</load_address>
         <run_address>0x12d9</run_address>
         <size>0x44</size>
         <input_file_ref idref="fl-3c"/>
      </object_component>
      <object_component id="oc-b6">
         <name>.debug_line</name>
         <load_address>0x131d</load_address>
         <run_address>0x131d</run_address>
         <size>0x37</size>
         <input_file_ref idref="fl-3d"/>
      </object_component>
      <object_component id="oc-bb">
         <name>.debug_line</name>
         <load_address>0x1354</load_address>
         <run_address>0x1354</run_address>
         <size>0x15d</size>
         <input_file_ref idref="fl-3e"/>
      </object_component>
      <object_component id="oc-c1">
         <name>.debug_line</name>
         <load_address>0x14b1</load_address>
         <run_address>0x14b1</run_address>
         <size>0x6a</size>
         <input_file_ref idref="fl-3f"/>
      </object_component>
      <object_component id="oc-c5">
         <name>.debug_line</name>
         <load_address>0x151b</load_address>
         <run_address>0x151b</run_address>
         <size>0x58</size>
         <input_file_ref idref="fl-40"/>
      </object_component>
      <object_component id="oc-c9">
         <name>.debug_line</name>
         <load_address>0x1573</load_address>
         <run_address>0x1573</run_address>
         <size>0x57</size>
         <input_file_ref idref="fl-41"/>
      </object_component>
      <object_component id="oc-cd">
         <name>.debug_line</name>
         <load_address>0x15ca</load_address>
         <run_address>0x15ca</run_address>
         <size>0x5c</size>
         <input_file_ref idref="fl-42"/>
      </object_component>
      <object_component id="oc-d1">
         <name>.debug_line</name>
         <load_address>0x1626</load_address>
         <run_address>0x1626</run_address>
         <size>0x3c</size>
         <input_file_ref idref="fl-43"/>
      </object_component>
      <object_component id="oc-d5">
         <name>.debug_line</name>
         <load_address>0x1662</load_address>
         <run_address>0x1662</run_address>
         <size>0x5b</size>
         <input_file_ref idref="fl-44"/>
      </object_component>
      <object_component id="oc-d9">
         <name>.debug_line</name>
         <load_address>0x16bd</load_address>
         <run_address>0x16bd</run_address>
         <size>0x3a</size>
         <input_file_ref idref="fl-45"/>
      </object_component>
      <object_component id="oc-dd">
         <name>.debug_line</name>
         <load_address>0x16f7</load_address>
         <run_address>0x16f7</run_address>
         <size>0x3c</size>
         <input_file_ref idref="fl-46"/>
      </object_component>
      <object_component id="oc-e1">
         <name>.debug_line</name>
         <load_address>0x1733</load_address>
         <run_address>0x1733</run_address>
         <size>0x3f</size>
         <input_file_ref idref="fl-47"/>
      </object_component>
      <object_component id="oc-e7">
         <name>.debug_line</name>
         <load_address>0x1772</load_address>
         <run_address>0x1772</run_address>
         <size>0xd7</size>
         <input_file_ref idref="fl-48"/>
      </object_component>
      <object_component id="oc-ee">
         <name>.debug_line</name>
         <load_address>0x1849</load_address>
         <run_address>0x1849</run_address>
         <size>0x112</size>
         <input_file_ref idref="fl-49"/>
      </object_component>
      <object_component id="oc-f2">
         <name>.debug_line</name>
         <load_address>0x195b</load_address>
         <run_address>0x195b</run_address>
         <size>0x3d</size>
         <input_file_ref idref="fl-4a"/>
      </object_component>
      <object_component id="oc-f6">
         <name>.debug_line</name>
         <load_address>0x1998</load_address>
         <run_address>0x1998</run_address>
         <size>0x39</size>
         <input_file_ref idref="fl-4b"/>
      </object_component>
      <object_component id="oc-1c">
         <name>.debug_abbrev</name>
         <load_address>0x0</load_address>
         <run_address>0x0</run_address>
         <size>0x1ee</size>
         <input_file_ref idref="fl-2"/>
      </object_component>
      <object_component id="oc-20">
         <name>.debug_abbrev</name>
         <load_address>0x1ee</load_address>
         <run_address>0x1ee</run_address>
         <size>0x2c</size>
         <input_file_ref idref="fl-7"/>
      </object_component>
      <object_component id="oc-24">
         <name>.debug_abbrev</name>
         <load_address>0x21a</load_address>
         <run_address>0x21a</run_address>
         <size>0x2c</size>
         <input_file_ref idref="fl-8"/>
      </object_component>
      <object_component id="oc-29">
         <name>.debug_abbrev</name>
         <load_address>0x246</load_address>
         <run_address>0x246</run_address>
         <size>0x2c</size>
         <input_file_ref idref="fl-9"/>
      </object_component>
      <object_component id="oc-2e">
         <name>.debug_abbrev</name>
         <load_address>0x272</load_address>
         <run_address>0x272</run_address>
         <size>0x2c</size>
         <input_file_ref idref="fl-a"/>
      </object_component>
      <object_component id="oc-32">
         <name>.debug_abbrev</name>
         <load_address>0x29e</load_address>
         <run_address>0x29e</run_address>
         <size>0x3a</size>
         <input_file_ref idref="fl-1e"/>
      </object_component>
      <object_component id="oc-39">
         <name>.debug_abbrev</name>
         <load_address>0x2d8</load_address>
         <run_address>0x2d8</run_address>
         <size>0xf7</size>
         <input_file_ref idref="fl-1f"/>
      </object_component>
      <object_component id="oc-3d">
         <name>.debug_abbrev</name>
         <load_address>0x3cf</load_address>
         <run_address>0x3cf</run_address>
         <size>0x38</size>
         <input_file_ref idref="fl-20"/>
      </object_component>
      <object_component id="oc-41">
         <name>.debug_abbrev</name>
         <load_address>0x407</load_address>
         <run_address>0x407</run_address>
         <size>0x145</size>
         <input_file_ref idref="fl-21"/>
      </object_component>
      <object_component id="oc-45">
         <name>.debug_abbrev</name>
         <load_address>0x54c</load_address>
         <run_address>0x54c</run_address>
         <size>0x26</size>
         <input_file_ref idref="fl-22"/>
      </object_component>
      <object_component id="oc-4b">
         <name>.debug_abbrev</name>
         <load_address>0x572</load_address>
         <run_address>0x572</run_address>
         <size>0x9f</size>
         <input_file_ref idref="fl-23"/>
      </object_component>
      <object_component id="oc-51">
         <name>.debug_abbrev</name>
         <load_address>0x611</load_address>
         <run_address>0x611</run_address>
         <size>0x1f8</size>
         <input_file_ref idref="fl-24"/>
      </object_component>
      <object_component id="oc-55">
         <name>.debug_abbrev</name>
         <load_address>0x809</load_address>
         <run_address>0x809</run_address>
         <size>0xec</size>
         <input_file_ref idref="fl-25"/>
      </object_component>
      <object_component id="oc-59">
         <name>.debug_abbrev</name>
         <load_address>0x8f5</load_address>
         <run_address>0x8f5</run_address>
         <size>0xd5</size>
         <input_file_ref idref="fl-26"/>
      </object_component>
      <object_component id="oc-5d">
         <name>.debug_abbrev</name>
         <load_address>0x9ca</load_address>
         <run_address>0x9ca</run_address>
         <size>0x44</size>
         <input_file_ref idref="fl-27"/>
      </object_component>
      <object_component id="oc-61">
         <name>.debug_abbrev</name>
         <load_address>0xa0e</load_address>
         <run_address>0xa0e</run_address>
         <size>0xb7</size>
         <input_file_ref idref="fl-28"/>
      </object_component>
      <object_component id="oc-63">
         <name>.debug_abbrev</name>
         <load_address>0xac5</load_address>
         <run_address>0xac5</run_address>
         <size>0x68</size>
         <input_file_ref idref="fl-29"/>
      </object_component>
      <object_component id="oc-67">
         <name>.debug_abbrev</name>
         <load_address>0xb2d</load_address>
         <run_address>0xb2d</run_address>
         <size>0x83</size>
         <input_file_ref idref="fl-2a"/>
      </object_component>
      <object_component id="oc-6b">
         <name>.debug_abbrev</name>
         <load_address>0xbb0</load_address>
         <run_address>0xbb0</run_address>
         <size>0x112</size>
         <input_file_ref idref="fl-2b"/>
      </object_component>
      <object_component id="oc-6f">
         <name>.debug_abbrev</name>
         <load_address>0xcc2</load_address>
         <run_address>0xcc2</run_address>
         <size>0xb5</size>
         <input_file_ref idref="fl-2c"/>
      </object_component>
      <object_component id="oc-73">
         <name>.debug_abbrev</name>
         <load_address>0xd77</load_address>
         <run_address>0xd77</run_address>
         <size>0x8f</size>
         <input_file_ref idref="fl-2d"/>
      </object_component>
      <object_component id="oc-77">
         <name>.debug_abbrev</name>
         <load_address>0xe06</load_address>
         <run_address>0xe06</run_address>
         <size>0xb7</size>
         <input_file_ref idref="fl-2e"/>
      </object_component>
      <object_component id="oc-7c">
         <name>.debug_abbrev</name>
         <load_address>0xebd</load_address>
         <run_address>0xebd</run_address>
         <size>0xc2</size>
         <input_file_ref idref="fl-2f"/>
      </object_component>
      <object_component id="oc-80">
         <name>.debug_abbrev</name>
         <load_address>0xf7f</load_address>
         <run_address>0xf7f</run_address>
         <size>0x103</size>
         <input_file_ref idref="fl-30"/>
      </object_component>
      <object_component id="oc-85">
         <name>.debug_abbrev</name>
         <load_address>0x1082</load_address>
         <run_address>0x1082</run_address>
         <size>0x140</size>
         <input_file_ref idref="fl-31"/>
      </object_component>
      <object_component id="oc-89">
         <name>.debug_abbrev</name>
         <load_address>0x11c2</load_address>
         <run_address>0x11c2</run_address>
         <size>0x9a</size>
         <input_file_ref idref="fl-32"/>
      </object_component>
      <object_component id="oc-8d">
         <name>.debug_abbrev</name>
         <load_address>0x125c</load_address>
         <run_address>0x125c</run_address>
         <size>0xd0</size>
         <input_file_ref idref="fl-33"/>
      </object_component>
      <object_component id="oc-91">
         <name>.debug_abbrev</name>
         <load_address>0x132c</load_address>
         <run_address>0x132c</run_address>
         <size>0xb7</size>
         <input_file_ref idref="fl-34"/>
      </object_component>
      <object_component id="oc-97">
         <name>.debug_abbrev</name>
         <load_address>0x13e3</load_address>
         <run_address>0x13e3</run_address>
         <size>0x225</size>
         <input_file_ref idref="fl-35"/>
      </object_component>
      <object_component id="oc-9b">
         <name>.debug_abbrev</name>
         <load_address>0x1608</load_address>
         <run_address>0x1608</run_address>
         <size>0xec</size>
         <input_file_ref idref="fl-36"/>
      </object_component>
      <object_component id="oc-9f">
         <name>.debug_abbrev</name>
         <load_address>0x16f4</load_address>
         <run_address>0x16f4</run_address>
         <size>0xb7</size>
         <input_file_ref idref="fl-37"/>
      </object_component>
      <object_component id="oc-a3">
         <name>.debug_abbrev</name>
         <load_address>0x17ab</load_address>
         <run_address>0x17ab</run_address>
         <size>0x38</size>
         <input_file_ref idref="fl-38"/>
      </object_component>
      <object_component id="oc-a7">
         <name>.debug_abbrev</name>
         <load_address>0x17e3</load_address>
         <run_address>0x17e3</run_address>
         <size>0xdc</size>
         <input_file_ref idref="fl-39"/>
      </object_component>
      <object_component id="oc-ab">
         <name>.debug_abbrev</name>
         <load_address>0x18bf</load_address>
         <run_address>0x18bf</run_address>
         <size>0x81</size>
         <input_file_ref idref="fl-3a"/>
      </object_component>
      <object_component id="oc-af">
         <name>.debug_abbrev</name>
         <load_address>0x1940</load_address>
         <run_address>0x1940</run_address>
         <size>0xa6</size>
         <input_file_ref idref="fl-3b"/>
      </object_component>
      <object_component id="oc-b3">
         <name>.debug_abbrev</name>
         <load_address>0x19e6</load_address>
         <run_address>0x19e6</run_address>
         <size>0xb5</size>
         <input_file_ref idref="fl-3c"/>
      </object_component>
      <object_component id="oc-b7">
         <name>.debug_abbrev</name>
         <load_address>0x1a9b</load_address>
         <run_address>0x1a9b</run_address>
         <size>0x8f</size>
         <input_file_ref idref="fl-3d"/>
      </object_component>
      <object_component id="oc-bc">
         <name>.debug_abbrev</name>
         <load_address>0x1b2a</load_address>
         <run_address>0x1b2a</run_address>
         <size>0x15a</size>
         <input_file_ref idref="fl-3e"/>
      </object_component>
      <object_component id="oc-c2">
         <name>.debug_abbrev</name>
         <load_address>0x1c84</load_address>
         <run_address>0x1c84</run_address>
         <size>0xde</size>
         <input_file_ref idref="fl-3f"/>
      </object_component>
      <object_component id="oc-c6">
         <name>.debug_abbrev</name>
         <load_address>0x1d62</load_address>
         <run_address>0x1d62</run_address>
         <size>0x38</size>
         <input_file_ref idref="fl-40"/>
      </object_component>
      <object_component id="oc-ca">
         <name>.debug_abbrev</name>
         <load_address>0x1d9a</load_address>
         <run_address>0x1d9a</run_address>
         <size>0xd1</size>
         <input_file_ref idref="fl-41"/>
      </object_component>
      <object_component id="oc-ce">
         <name>.debug_abbrev</name>
         <load_address>0x1e6b</load_address>
         <run_address>0x1e6b</run_address>
         <size>0xd4</size>
         <input_file_ref idref="fl-42"/>
      </object_component>
      <object_component id="oc-d2">
         <name>.debug_abbrev</name>
         <load_address>0x1f3f</load_address>
         <run_address>0x1f3f</run_address>
         <size>0xa6</size>
         <input_file_ref idref="fl-43"/>
      </object_component>
      <object_component id="oc-d6">
         <name>.debug_abbrev</name>
         <load_address>0x1fe5</load_address>
         <run_address>0x1fe5</run_address>
         <size>0x136</size>
         <input_file_ref idref="fl-44"/>
      </object_component>
      <object_component id="oc-da">
         <name>.debug_abbrev</name>
         <load_address>0x211b</load_address>
         <run_address>0x211b</run_address>
         <size>0x81</size>
         <input_file_ref idref="fl-45"/>
      </object_component>
      <object_component id="oc-de">
         <name>.debug_abbrev</name>
         <load_address>0x219c</load_address>
         <run_address>0x219c</run_address>
         <size>0xd1</size>
         <input_file_ref idref="fl-46"/>
      </object_component>
      <object_component id="oc-e2">
         <name>.debug_abbrev</name>
         <load_address>0x226d</load_address>
         <run_address>0x226d</run_address>
         <size>0x10b</size>
         <input_file_ref idref="fl-47"/>
      </object_component>
      <object_component id="oc-e8">
         <name>.debug_abbrev</name>
         <load_address>0x2378</load_address>
         <run_address>0x2378</run_address>
         <size>0x1a2</size>
         <input_file_ref idref="fl-48"/>
      </object_component>
      <object_component id="oc-ef">
         <name>.debug_abbrev</name>
         <load_address>0x251a</load_address>
         <run_address>0x251a</run_address>
         <size>0x1de</size>
         <input_file_ref idref="fl-49"/>
      </object_component>
      <object_component id="oc-f3">
         <name>.debug_abbrev</name>
         <load_address>0x26f8</load_address>
         <run_address>0x26f8</run_address>
         <size>0x118</size>
         <input_file_ref idref="fl-4a"/>
      </object_component>
      <object_component id="oc-f7">
         <name>.debug_abbrev</name>
         <load_address>0x2810</load_address>
         <run_address>0x2810</run_address>
         <size>0xbf</size>
         <input_file_ref idref="fl-4b"/>
      </object_component>
      <object_component id="oc-121">
         <name>.debug_abbrev</name>
         <load_address>0x28cf</load_address>
         <run_address>0x28cf</run_address>
         <size>0xd</size>
      </object_component>
   </object_component_list>
   <logical_group_list>
      <logical_group id="lg-11b">
         <name>.text</name>
         <load_address>0x20000</load_address>
         <run_address>0x20000</run_address>
         <size>0x48e1</size>
         <contents>
            <object_component_ref idref="oc-4c"/>
            <object_component_ref idref="oc-15"/>
            <object_component_ref idref="oc-92"/>
            <object_component_ref idref="oc-b8"/>
            <object_component_ref idref="oc-e9"/>
            <object_component_ref idref="oc-68"/>
            <object_component_ref idref="oc-e3"/>
            <object_component_ref idref="oc-8e"/>
            <object_component_ref idref="oc-cb"/>
            <object_component_ref idref="oc-5e"/>
            <object_component_ref idref="oc-81"/>
            <object_component_ref idref="oc-a4"/>
            <object_component_ref idref="oc-df"/>
            <object_component_ref idref="oc-c7"/>
            <object_component_ref idref="oc-d3"/>
            <object_component_ref idref="oc-1d"/>
            <object_component_ref idref="oc-c0"/>
            <object_component_ref idref="oc-7d"/>
            <object_component_ref idref="oc-6c"/>
            <object_component_ref idref="oc-98"/>
            <object_component_ref idref="oc-f0"/>
            <object_component_ref idref="oc-d7"/>
            <object_component_ref idref="oc-86"/>
            <object_component_ref idref="oc-b0"/>
            <object_component_ref idref="oc-74"/>
            <object_component_ref idref="oc-bd"/>
            <object_component_ref idref="oc-db"/>
            <object_component_ref idref="oc-78"/>
            <object_component_ref idref="oc-2a"/>
            <object_component_ref idref="oc-56"/>
            <object_component_ref idref="oc-3e"/>
            <object_component_ref idref="oc-5a"/>
            <object_component_ref idref="oc-52"/>
            <object_component_ref idref="oc-ac"/>
            <object_component_ref idref="oc-cf"/>
            <object_component_ref idref="oc-a0"/>
            <object_component_ref idref="oc-33"/>
            <object_component_ref idref="oc-21"/>
            <object_component_ref idref="oc-13"/>
            <object_component_ref idref="oc-70"/>
            <object_component_ref idref="oc-c3"/>
            <object_component_ref idref="oc-9c"/>
            <object_component_ref idref="oc-8a"/>
            <object_component_ref idref="oc-b4"/>
            <object_component_ref idref="oc-3a"/>
            <object_component_ref idref="oc-46"/>
            <object_component_ref idref="oc-a8"/>
            <object_component_ref idref="oc-f4"/>
            <object_component_ref idref="oc-25"/>
            <object_component_ref idref="oc-37"/>
            <object_component_ref idref="oc-42"/>
         </contents>
      </logical_group>
      <split_section id="lg-2">
         <name>.text</name>
         <contents>
            <logical_group_ref idref="lg-11b"/>
         </contents>
      </split_section>
      <logical_group id="lg-3">
         <name>.stack</name>
         <run_address>0xc0</run_address>
         <size>0x2000</size>
         <contents>
            <object_component_ref idref="oc-2f"/>
            <object_component_ref idref="oc-117"/>
         </contents>
      </logical_group>
      <logical_group id="lg-4">
         <name>.sysstack</name>
         <run_address>0x20c0</run_address>
         <size>0x1000</size>
         <contents>
            <object_component_ref idref="oc-f8"/>
            <object_component_ref idref="oc-119"/>
         </contents>
      </logical_group>
      <logical_group id="lg-5">
         <name>.data</name>
         <run_address>0xc0</run_address>
         <size>0x0</size>
         <contents>
         </contents>
      </logical_group>
      <logical_group id="lg-11c">
         <name>.bss</name>
         <run_address>0x30c0</run_address>
         <size>0x2548</size>
         <contents>
            <object_component_ref idref="oc-16"/>
            <object_component_ref idref="oc-64"/>
            <object_component_ref idref="oc-b9"/>
            <object_component_ref idref="oc-26"/>
            <object_component_ref idref="oc-93"/>
            <object_component_ref idref="oc-e4"/>
            <object_component_ref idref="oc-ea"/>
            <object_component_ref idref="oc-47"/>
            <object_component_ref idref="oc-34"/>
         </contents>
      </logical_group>
      <split_section id="lg-6">
         <name>.bss</name>
         <contents>
            <logical_group_ref idref="lg-11c"/>
         </contents>
      </split_section>
      <logical_group id="lg-11d">
         <name>.const.1</name>
         <load_address>0x5700</load_address>
         <run_address>0x5700</run_address>
         <size>0x2202</size>
         <contents>
            <object_component_ref idref="oc-fa"/>
            <object_component_ref idref="oc-f9"/>
            <object_component_ref idref="oc-fb"/>
         </contents>
      </logical_group>
      <logical_group id="lg-11e">
         <name>.const.2</name>
         <load_address>0x7904</load_address>
         <run_address>0x7904</run_address>
         <size>0x1b4</size>
         <contents>
            <object_component_ref idref="oc-19"/>
            <object_component_ref idref="oc-4f"/>
            <object_component_ref idref="oc-4e"/>
            <object_component_ref idref="oc-fc"/>
            <object_component_ref idref="oc-83"/>
            <object_component_ref idref="oc-7a"/>
         </contents>
      </logical_group>
      <logical_group id="lg-11f">
         <name>.const.3</name>
         <load_address>0x7b00</load_address>
         <run_address>0x7b00</run_address>
         <size>0x20</size>
         <contents>
            <object_component_ref idref="oc-2b"/>
         </contents>
      </logical_group>
      <split_section id="lg-7">
         <name>.const</name>
         <contents>
            <logical_group_ref idref="lg-11d"/>
            <logical_group_ref idref="lg-11e"/>
            <logical_group_ref idref="lg-11f"/>
         </contents>
      </split_section>
      <logical_group id="lg-8">
         <name>.sysmem</name>
         <run_address>0x7b20</run_address>
         <size>0x2000</size>
         <contents>
            <object_component_ref idref="oc-ed"/>
            <object_component_ref idref="oc-118"/>
         </contents>
      </logical_group>
      <logical_group id="lg-9">
         <name>.switch</name>
         <run_address>0x0</run_address>
         <size>0x0</size>
         <contents>
         </contents>
      </logical_group>
      <logical_group id="lg-a">
         <name>.cinit</name>
         <load_address>0x40240</load_address>
         <run_address>0x40240</run_address>
         <size>0xf0</size>
         <contents>
            <object_component_ref idref="oc-95"/>
            <object_component_ref idref="oc-66"/>
            <object_component_ref idref="oc-49"/>
            <object_component_ref idref="oc-36"/>
[...]
         <value>0x30c0</value>
         <object_component_ref idref="oc-16"/>
      </symbol>
      <symbol id="sm-107">
         <name>_Amrfft</name>
         <value>0x218fb</value>
         <object_component_ref idref="oc-15"/>
      </symbol>
      <symbol id="sm-108">
         <name>_testfun</name>
         <value>0x216ef</value>
         <object_component_ref idref="oc-15"/>
      </symbol>
      <symbol id="sm-109">
         <name>_samples2</name>
         <value>0x40c0</value>
         <object_component_ref idref="oc-16"/>
      </symbol>
      <symbol id="sm-10a">
         <name>_tri</name>
         <value>0x21791</value>
         <object_component_ref idref="oc-15"/>
      </symbol>
      <symbol id="sm-10b">
         <name>_sint</name>
         <value>0x217dc</value>
         <object_component_ref idref="oc-15"/>
      </symbol>
      <symbol id="sm-10c">
         <name>_hamming</name>
         <value>0x5700</value>
         <object_component_ref idref="oc-fa"/>
      </symbol>
      <symbol id="sm-10d">
         <name>_sumOfVector</name>
         <value>0x216b5</value>
         <object_component_ref idref="oc-15"/>
      </symbol>
      <symbol id="sm-10e">
         <name>_copy</name>
         <value>0x2167c</value>
         <object_component_ref idref="oc-15"/>
      </symbol>
      <symbol id="sm-10f">
         <name>_dbuffer</name>
         <value>0x50c0</value>
         <object_component_ref idref="oc-16"/>
      </symbol>
      <symbol id="sm-110">
         <name>_freqIndex</name>
         <value>0x21add</value>
         <object_component_ref idref="oc-15"/>
      </symbol>
      <symbol id="sm-111">
         <name>_inverse</name>
         <value>0x21620</value>
         <object_component_ref idref="oc-15"/>
      </symbol>
      <symbol id="sm-11c">
         <name>_acorr_bias</name>
         <value>0x23e0d</value>
         <object_component_ref idref="oc-1d"/>
      </symbol>
      <symbol id="sm-124">
         <name>_rand16</name>
         <value>0x24781</value>
         <object_component_ref idref="oc-21"/>
      </symbol>
      <symbol id="sm-12e">
         <name>rndseed</name>
         <value>0x5506</value>
         <object_component_ref idref="oc-26"/>
      </symbol>
      <symbol id="sm-12f">
         <name>_rand16init</name>
         <value>0x248cf</value>
         <object_component_ref idref="oc-25"/>
      </symbol>
      <symbol id="sm-13f">
         <name>_sqrt_16</name>
         <value>0x244ca</value>
         <object_component_ref idref="oc-2a"/>
      </symbol>
      <symbol id="sm-140">
         <name>SqrtTable</name>
         <value>0x7b00</value>
         <object_component_ref idref="oc-2b"/>
      </symbol>
      <symbol id="sm-14c">
         <name>__sysstack</name>
         <value>0x20c0</value>
         <object_component_ref idref="oc-f8"/>
      </symbol>
      <symbol id="sm-14d">
         <name>_c_int00</name>
         <value>0x247b7</value>
         <object_component_ref idref="oc-13"/>
      </symbol>
      <symbol id="sm-14e">
         <name>__stack</name>
         <value>0xc0</value>
         <object_component_ref idref="oc-2f"/>
      </symbol>
      <symbol id="sm-15e">
         <name>C$$EXIT</name>
         <value>0x248d8</value>
         <object_component_ref idref="oc-37"/>
      </symbol>
      <symbol id="sm-15f">
         <name>_exit</name>
         <value>0x24743</value>
         <object_component_ref idref="oc-33"/>
      </symbol>
      <symbol id="sm-160">
         <name>_abort</name>
         <value>0x248d7</value>
         <object_component_ref idref="oc-37"/>
      </symbol>
      <symbol id="sm-161">
         <name>__cleanup_ptr</name>
         <value>0x5600</value>
         <object_component_ref idref="oc-34"/>
      </symbol>
      <symbol id="sm-162">
         <name>__dtors_ptr</name>
         <value>0x5604</value>
         <object_component_ref idref="oc-34"/>
      </symbol>
      <symbol id="sm-16a">
         <name>__mpyli</name>
         <value>0x24890</value>
         <object_component_ref idref="oc-3a"/>
      </symbol>
      <symbol id="sm-16b">
         <name>I$$LMPY</name>
         <value>0x24890</value>
         <object_component_ref idref="oc-3a"/>
      </symbol>
      <symbol id="sm-175">
         <name>_printf</name>
         <value>0x24589</value>
         <object_component_ref idref="oc-3e"/>
      </symbol>
      <symbol id="sm-17f">
         <name>_Reset</name>
         <value>0x4fe00</value>
         <object_component_ref idref="oc-14"/>
      </symbol>
      <symbol id="sm-18d">
         <name>__unlock</name>
         <value>0x55fc</value>
         <object_component_ref idref="oc-47"/>
      </symbol>
      <symbol id="sm-18e">
         <name>__lock</name>
         <value>0x55f8</value>
         <object_component_ref idref="oc-47"/>
      </symbol>
      <symbol id="sm-18f">
         <name>__register_lock</name>
         <value>0x248ab</value>
         <object_component_ref idref="oc-46"/>
      </symbol>
      <symbol id="sm-190">
         <name>__nop</name>
         <value>0x248b3</value>
         <object_component_ref idref="oc-46"/>
      </symbol>
      <symbol id="sm-191">
         <name>__register_unlock</name>
         <value>0x248a3</value>
         <object_component_ref idref="oc-46"/>
      </symbol>
      <symbol id="sm-1a3">
         <name>__printfi</name>
         <value>0x21362</value>
         <object_component_ref idref="oc-4c"/>
      </symbol>
      <symbol id="sm-1ad">
         <name>__args_main</name>
         <value>0x24626</value>
         <object_component_ref idref="oc-52"/>
      </symbol>
      <symbol id="sm-1ae">
         <name>__TI_args_main</name>
         <value>0x1</value>
      </symbol>
      <symbol id="sm-1b8">
         <name>_atoi</name>
         <value>0x2452d</value>
         <object_component_ref idref="oc-56"/>
      </symbol>
      <symbol id="sm-1c0">
         <name>_auto_init</name>
         <value>0x245d9</value>
         <object_component_ref idref="oc-5a"/>
      </symbol>
      <symbol id="sm-1ca">
         <name>__eqld</name>
         <value>0x2384d</value>
         <object_component_ref idref="oc-5e"/>
      </symbol>
      <symbol id="sm-1cb">
         <name>__cmpd</name>
         <value>0x23881</value>
         <object_component_ref idref="oc-5e"/>
      </symbol>
      <symbol id="sm-1cc">
         <name>__neqd</name>
         <value>0x236ef</value>
         <object_component_ref idref="oc-5e"/>
      </symbol>
      <symbol id="sm-1cd">
         <name>__gtrd</name>
         <value>0x237b8</value>
         <object_component_ref idref="oc-5e"/>
      </symbol>
      <symbol id="sm-1ce">
         <name>__geqd</name>
         <value>0x23803</value>
         <object_component_ref idref="oc-5e"/>
      </symbol>
      <symbol id="sm-1cf">
         <name>__leqd</name>
         <value>0x2376b</value>
         <object_component_ref idref="oc-5e"/>
      </symbol>
      <symbol id="sm-1d0">
         <name>__lssd</name>
         <value>0x23723</value>
         <object_component_ref idref="oc-5e"/>
      </symbol>
      <symbol id="sm-1d8">
         <name>__ctypes_</name>
         <value>0x7700</value>
         <object_component_ref idref="oc-fb"/>
      </symbol>
      <symbol id="sm-1e2">
         <name>__tmpnams</name>
         <value>0x5224</value>
         <object_component_ref idref="oc-64"/>
      </symbol>
      <symbol id="sm-1e3">
         <name>__ft_end</name>
         <value>0x5364</value>
         <object_component_ref idref="oc-64"/>
      </symbol>
      <symbol id="sm-1e4">
         <name>__ftable</name>
         <value>0x5134</value>
         <object_component_ref idref="oc-64"/>
      </symbol>
      <symbol id="sm-1f0">
         <name>__divd</name>
         <value>0x22bec</value>
         <object_component_ref idref="oc-68"/>
      </symbol>
      <symbol id="sm-1fb">
         <name>__divul</name>
         <value>0x24028</value>
         <object_component_ref idref="oc-6c"/>
      </symbol>
      <symbol id="sm-205">
         <name>__fixdi</name>
         <value>0x247eb</value>
         <object_component_ref idref="oc-70"/>
      </symbol>
      <symbol id="sm-20f">
         <name>__fixdli</name>
         <value>0x2431c</value>
         <object_component_ref idref="oc-74"/>
      </symbol>
      <symbol id="sm-21b">
         <name>__fltlid</name>
         <value>0x24463</value>
         <object_component_ref idref="oc-78"/>
      </symbol>
      <symbol id="sm-225">
         <name>_putchar</name>
         <value>0x24019</value>
         <object_component_ref idref="oc-7d"/>
      </symbol>
      <symbol id="sm-226">
         <name>_putc</name>
         <value>0x23f82</value>
         <object_component_ref idref="oc-7d"/>
      </symbol>
      <symbol id="sm-227">
         <name>_fputc</name>
         <value>0x23f82</value>
         <object_component_ref idref="oc-7d"/>
      </symbol>
      <symbol id="sm-235">
         <name>_puts</name>
         <value>0x23a0e</value>
         <object_component_ref idref="oc-81"/>
      </symbol>
      <symbol id="sm-236">
         <name>_fputs</name>
         <value>0x238d9</value>
         <object_component_ref idref="oc-81"/>
      </symbol>
      <symbol id="sm-240">
         <name>__frcmpyd_div</name>
         <value>0x24237</value>
         <object_component_ref idref="oc-86"/>
      </symbol>
      <symbol id="sm-24a">
         <name>___isinf</name>
         <value>0x24862</value>
         <object_component_ref idref="oc-8a"/>
      </symbol>
      <symbol id="sm-254">
         <name>__divull</name>
         <value>0x2336c</value>
         <object_component_ref idref="oc-8e"/>
      </symbol>
      <symbol id="sm-255">
         <name>__mpylli</name>
         <value>0x232b4</value>
         <object_component_ref idref="oc-8e"/>
      </symbol>
      <symbol id="sm-256">
         <name>__remlli</name>
         <value>0x23285</value>
         <object_component_ref idref="oc-8e"/>
      </symbol>
      <symbol id="sm-257">
         <name>__divlli</name>
         <value>0x23460</value>
         <object_component_ref idref="oc-8e"/>
      </symbol>
      <symbol id="sm-258">
         <name>__remull</name>
         <value>0x23237</value>
         <object_component_ref idref="oc-8e"/>
      </symbol>
      <symbol id="sm-26a">
         <name>_add_device</name>
         <value>0x2211f</value>
         <object_component_ref idref="oc-92"/>
      </symbol>
      <symbol id="sm-26b">
         <name>_rename</name>
         <value>0x21e41</value>
         <object_component_ref idref="oc-92"/>
      </symbol>
      <symbol id="sm-26c">
         <name>_read</name>
         <value>0x21ed0</value>
         <object_component_ref idref="oc-92"/>
      </symbol>
      <symbol id="sm-26d">
         <name>_unlink</name>
         <value>0x21e0e</value>
         <object_component_ref idref="oc-92"/>
      </symbol>
      <symbol id="sm-26e">
         <name>_remove_device</name>
         <value>0x21e9a</value>
         <object_component_ref idref="oc-92"/>
      </symbol>
      <symbol id="sm-26f">
         <name>_open</name>
         <value>0x21f7e</value>
         <object_component_ref idref="oc-92"/>
      </symbol>
      <symbol id="sm-270">
         <name>_find_registered_device</name>
         <value>0x220a3</value>
         <object_component_ref idref="oc-92"/>
      </symbol>
      <symbol id="sm-271">
         <name>_lseek</name>
         <value>0x2203d</value>
         <object_component_ref idref="oc-92"/>
      </symbol>
      <symbol id="sm-272">
         <name>_close</name>
         <value>0x220ac</value>
         <object_component_ref idref="oc-92"/>
      </symbol>
      <symbol id="sm-273">
         <name>_write</name>
         <value>0x21ccc</value>
         <object_component_ref idref="oc-92"/>
      </symbol>
      <symbol id="sm-27d">
         <name>_ltoa</name>
         <value>0x240c9</value>
         <object_component_ref idref="oc-98"/>
      </symbol>
      <symbol id="sm-288">
         <name>_memccpy</name>
         <value>0x2483f</value>
         <object_component_ref idref="oc-9c"/>
      </symbol>
      <symbol id="sm-290">
         <name>_memcpy</name>
         <value>0x24704</value>
         <object_component_ref idref="oc-a0"/>
      </symbol>
      <symbol id="sm-29a">
         <name>__mpyd</name>
         <value>0x23a3c</value>
         <object_component_ref idref="oc-a4"/>
      </symbol>
      <symbol id="sm-2a4">
         <name>__negd</name>
         <value>0x248b5</value>
         <object_component_ref idref="oc-a8"/>
      </symbol>
      <symbol id="sm-2ae">
         <name>__remli</name>
         <value>0x24671</value>
         <object_component_ref idref="oc-ac"/>
      </symbol>
      <symbol id="sm-2b9">
         <name>__remul</name>
         <value>0x242aa</value>
         <object_component_ref idref="oc-b0"/>
      </symbol>
      <symbol id="sm-2c3">
         <name>__subd</name>
         <value>0x2487c</value>
         <object_component_ref idref="oc-b4"/>
      </symbol>
      <symbol id="sm-2cf">
         <name>_HOSTopen</name>
         <value>0x2251a</value>
         <object_component_ref idref="oc-b8"/>
      </symbol>
      <symbol id="sm-2d0">
         <name>_HOSTread</name>
         <value>0x2248d</value>
         <object_component_ref idref="oc-b8"/>
      </symbol>
      <symbol id="sm-2d1">
         <name>_HOSTtime</name>
         <value>0x22381</value>
         <object_component_ref idref="oc-b8"/>
      </symbol>
      <symbol id="sm-2d2">
         <name>_getenv</name>
         <value>0x2220f</value>
         <object_component_ref idref="oc-b8"/>
      </symbol>
      <symbol id="sm-2d3">
         <name>_HOSTrename</name>
         <value>0x223df</value>
         <object_component_ref idref="oc-b8"/>
      </symbol>
      <symbol id="sm-2d4">
         <name>_HOSTclock</name>
         <value>0x226d9</value>
         <object_component_ref idref="oc-b8"/>
      </symbol>
      <symbol id="sm-2d5">
         <name>_HOSTwrite</name>
         <value>0x2228a</value>
         <object_component_ref idref="oc-b8"/>
      </symbol>
      <symbol id="sm-2d6">
         <name>_HOSTlseek</name>
         <value>0x225b9</value>
         <object_component_ref idref="oc-b8"/>
      </symbol>
      <symbol id="sm-2d7">
         <name>_HOSTunlink</name>
         <value>0x22317</value>
         <object_component_ref idref="oc-b8"/>
      </symbol>
      <symbol id="sm-2d8">
         <name>_HOSTclose</name>
         <value>0x2266e</value>
         <object_component_ref idref="oc-b8"/>
      </symbol>
      <symbol id="sm-2ea">
         <name>C$$IO$$</name>
         <value>0x23f7d</value>
         <object_component_ref idref="oc-c0"/>
      </symbol>
      <symbol id="sm-2eb">
         <name>__CIOBUF_</name>
         <value>0x40000</value>
         <object_component_ref idref="oc-bf"/>
      </symbol>
      <symbol id="sm-2ec">
         <name>_readmsg</name>
         <value>0x2438b</value>
         <object_component_ref idref="oc-bd"/>
      </symbol>
      <symbol id="sm-2ed">
         <name>_writemsg</name>
         <value>0x23ec8</value>
         <object_component_ref idref="oc-c0"/>
      </symbol>
      <symbol id="sm-2f5">
         <name>__remu</name>
         <value>0x2482a</value>
         <object_component_ref idref="oc-c3"/>
      </symbol>
      <symbol id="sm-2f6">
         <name>__divu</name>
         <value>0x24815</value>
         <object_component_ref idref="oc-c3"/>
      </symbol>
      <symbol id="sm-2f7">
         <name>I$$UMOD</name>
         <value>0x2482a</value>
         <object_component_ref idref="oc-c3"/>
      </symbol>
      <symbol id="sm-2f8">
         <name>I$$UDIV</name>
         <value>0x24815</value>
         <object_component_ref idref="oc-c3"/>
      </symbol>
      <symbol id="sm-302">
         <name>__rd_ok</name>
         <value>0x23cee</value>
         <object_component_ref idref="oc-c7"/>
      </symbol>
      <symbol id="sm-303">
         <name>__wrt_ok</name>
         <value>0x23c6e</value>
         <object_component_ref idref="oc-c7"/>
      </symbol>
      <symbol id="sm-30d">
         <name>__addd</name>
         <value>0x23495</value>
         <object_component_ref idref="oc-cb"/>
      </symbol>
      <symbol id="sm-317">
         <name>__divli</name>
         <value>0x246bc</value>
         <object_component_ref idref="oc-cf"/>
      </symbol>
      <symbol id="sm-321">
         <name>__doflush</name>
         <value>0x23d4b</value>
         <object_component_ref idref="oc-d3"/>
      </symbol>
      <symbol id="sm-322">
         <name>_fflush</name>
         <value>0x23db4</value>
         <object_component_ref idref="oc-d3"/>
      </symbol>
      <symbol id="sm-32c">
         <name>__frcmpyd</name>
         <value>0x241c1</value>
         <object_component_ref idref="oc-d7"/>
      </symbol>
      <symbol id="sm-336">
         <name>_fseek</name>
         <value>0x243f8</value>
         <object_component_ref idref="oc-db"/>
      </symbol>
      <symbol id="sm-340">
         <name>_setvbuf</name>
         <value>0x23b88</value>
         <object_component_ref idref="oc-df"/>
      </symbol>
      <symbol id="sm-34f">
         <name>__cleanup</name>
         <value>0x230d9</value>
         <object_component_ref idref="oc-e3"/>
      </symbol>
      <symbol id="sm-350">
         <name>_fopen</name>
         <value>0x231fc</value>
         <object_component_ref idref="oc-e3"/>
      </symbol>
      <symbol id="sm-351">
         <name>_freopen</name>
         <value>0x23133</value>
         <object_component_ref idref="oc-e3"/>
      </symbol>
      <symbol id="sm-361">
         <name>__sys_memory</name>
         <value>0x7b20</value>
         <object_component_ref idref="oc-ed"/>
      </symbol>
      <symbol id="sm-362">
         <name>_chkheap</name>
         <value>0x22bbe</value>
         <object_component_ref idref="oc-e9"/>
      </symbol>
      <symbol id="sm-363">
         <name>_realloc</name>
         <value>0x2295d</value>
         <object_component_ref idref="oc-e9"/>
      </symbol>
      <symbol id="sm-364">
         <name>_free_memory</name>
         <value>0x22b68</value>
         <object_component_ref idref="oc-e9"/>
      </symbol>
      <symbol id="sm-365">
         <name>_max_free</name>
         <value>0x22b0e</value>
         <object_component_ref idref="oc-e9"/>
      </symbol>
      <symbol id="sm-366">
         <name>_free</name>
         <value>0x22737</value>
         <object_component_ref idref="oc-e9"/>
      </symbol>
      <symbol id="sm-367">
         <name>_calloc</name>
         <value>0x22bc6</value>
         <object_component_ref idref="oc-e9"/>
      </symbol>
      <symbol id="sm-368">
         <name>_malloc</name>
         <value>0x22868</value>
         <object_component_ref idref="oc-e9"/>
      </symbol>
      <symbol id="sm-369">
         <name>_minit</name>
         <value>0x22803</value>
         <object_component_ref idref="oc-e9"/>
      </symbol>
      <symbol id="sm-373">
         <name>_fclose</name>
         <value>0x24146</value>
         <object_component_ref idref="oc-f0"/>
      </symbol>
      <symbol id="sm-37d">
         <name>_remove</name>
         <value>0x248c5</value>
         <object_component_ref idref="oc-f4"/>
      </symbol>
   </symbol_table>
</link_info>
